2026-08-05 11:08:01.004 wdl.w:wf_amr_visualization NOTICE workflow start :: name: "wf_amr_visualization", source: "workflows/data_visualization/wf_amr_visualization.wdl", line: 9, column: 1, dir: "/home/user1/Desktop/programs/wdl/IsraBact/20260805_110801_wf_amr_visualization"
2026-08-05 11:08:01.008 wdl.w:wf_amr_visualization NOTICE miniwdl :: version: "v1.11.1", uname: "Linux ubuntu 5.15.0-125-generic #135-Ubuntu SMP Fri Sep 27 13:53:58 UTC 2024 x86_64"
2026-08-05 11:08:01.018 wdl.w:wf_amr_visualization NOTICE ready :: job: "call-parse_amr", callee: "parse_amr"
2026-08-05 11:08:01.020 wdl.w:wf_amr_visualization NOTICE ready :: job: "call-annotate_asm-0-CA110357_filtere", callee: "annotate"
2026-08-05 11:08:01.021 wdl.w:wf_amr_visualization.t:call-parse_amr NOTICE task setup :: name: "parse_amr", source: "../../tasks/data_visualization/task_amr_visualization.wdl", line: 14, column: 1, dir: "/home/user1/Desktop/programs/wdl/IsraBact/20260805_110801_wf_amr_visualization/call-parse_amr", thread: 140139479225920
2026-08-05 11:08:01.022 wdl.w:wf_amr_visualization NOTICE ready :: job: "call-annotate_asm-1-CA114720_filtere", callee: "annotate"
2026-08-05 11:08:01.023 wdl.w:wf_amr_visualization.t:call-annotate_asm-0-CA110357_filtere NOTICE task setup :: name: "annotate", source: "../../tasks/data_visualization/task_amr_visualization.wdl", line: 59, column: 1, dir: "/home/user1/Desktop/programs/wdl/IsraBact/20260805_110801_wf_amr_visualization/call-annotate_asm-0-CA110357_filtere", thread: 140139470833216
2026-08-05 11:08:01.025 wdl.w:wf_amr_visualization NOTICE ready :: job: "call-annotate_asm-2-CA139575_filtere", callee: "annotate"
2026-08-05 11:08:01.028 wdl.w:wf_amr_visualization NOTICE ready :: job: "call-annotate_asm-3-CA140404_filtere", callee: "annotate"
2026-08-05 11:08:01.030 wdl.w:wf_amr_visualization NOTICE ready :: job: "call-annotate_asm-4-CA140705_filtere", callee: "annotate"
2026-08-05 11:08:01.029 wdl.w:wf_amr_visualization.t:call-annotate_asm-1-CA114720_filtere NOTICE task setup :: name: "annotate", source: "../../tasks/data_visualization/task_amr_visualization.wdl", line: 59, column: 1, dir: "/home/user1/Desktop/programs/wdl/IsraBact/20260805_110801_wf_amr_visualization/call-annotate_asm-1-CA114720_filtere", thread: 140139462440512
2026-08-05 11:08:01.032 wdl.w:wf_amr_visualization NOTICE ready :: job: "call-annotate_asm-5-CA140717_filtere", callee: "annotate"
2026-08-05 11:08:01.033 wdl.w:wf_amr_visualization.t:call-annotate_asm-4-CA140705_filtere NOTICE task setup :: name: "annotate", source: "../../tasks/data_visualization/task_amr_visualization.wdl", line: 59, column: 1, dir: "/home/user1/Desktop/programs/wdl/IsraBact/20260805_110801_wf_amr_visualization/call-annotate_asm-4-CA140705_filtere", thread: 140139437262400
2026-08-05 11:08:01.035 wdl.w:wf_amr_visualization.t:call-annotate_asm-3-CA140404_filtere NOTICE task setup :: name: "annotate", source: "../../tasks/data_visualization/task_amr_visualization.wdl", line: 59, column: 1, dir: "/home/user1/Desktop/programs/wdl/IsraBact/20260805_110801_wf_amr_visualization/call-annotate_asm-3-CA140404_filtere", thread: 140139445655104
2026-08-05 11:08:01.037 wdl.w:wf_amr_visualization.t:call-annotate_asm-2-CA139575_filtere NOTICE task setup :: name: "annotate", source: "../../tasks/data_visualization/task_amr_visualization.wdl", line: 59, column: 1, dir: "/home/user1/Desktop/programs/wdl/IsraBact/20260805_110801_wf_amr_visualization/call-annotate_asm-2-CA139575_filtere", thread: 140139454047808
2026-08-05 11:08:01.046 wdl.w:wf_amr_visualization.t:call-annotate_asm-5-CA140717_filtere NOTICE task setup :: name: "annotate", source: "../../tasks/data_visualization/task_amr_visualization.wdl", line: 59, column: 1, dir: "/home/user1/Desktop/programs/wdl/IsraBact/20260805_110801_wf_amr_visualization/call-annotate_asm-5-CA140717_filtere", thread: 140139428869696
2026-08-05 11:08:01.480 wdl.w:wf_amr_visualization.t:call-annotate_asm-3-CA140404_filtere NOTICE docker swarm resources :: workers: 1, max_cpus: 40, max_mem_bytes: 67159334912, total_cpus: 40, total_mem_bytes: 67159334912
2026-08-05 11:08:01.485 wdl.w:wf_amr_visualization.t:call-annotate_asm-3-CA140404_filtere WARNING ignored runtime settings :: keys: ["disks"]
2026-08-05 11:08:01.489 wdl.w:wf_amr_visualization.t:call-annotate_asm-1-CA114720_filtere WARNING ignored runtime settings :: keys: ["disks"]
2026-08-05 11:08:01.495 wdl.w:wf_amr_visualization.t:call-annotate_asm-4-CA140705_filtere WARNING ignored runtime settings :: keys: ["disks"]
2026-08-05 11:08:01.508 wdl.w:wf_amr_visualization.t:call-annotate_asm-0-CA110357_filtere WARNING ignored runtime settings :: keys: ["disks"]
2026-08-05 11:08:01.505 wdl.w:wf_amr_visualization.t:call-annotate_asm-5-CA140717_filtere WARNING ignored runtime settings :: keys: ["disks"]
2026-08-05 11:08:01.520 wdl.w:wf_amr_visualization.t:call-parse_amr WARNING ignored runtime settings :: keys: ["disks"]
2026-08-05 11:08:01.524 wdl.w:wf_amr_visualization.t:call-annotate_asm-3-CA140404_filtere NOTICE docker image :: tag: "staphb/prokka:1.14.6", id: "sha256:071a092371791e68f168d61e40f702e5960c8a6e7165318c69588b65f35db07f", RepoDigest: "staphb/prokka@sha256:6bb2522e077ef08a8be7a3856fe80372ede3b832becba0728e1ddbe83d89a042"
2026-08-05 11:08:01.529 wdl.w:wf_amr_visualization.t:call-annotate_asm-2-CA139575_filtere WARNING ignored runtime settings :: keys: ["disks"]
2026-08-05 11:08:01.548 wdl.w:wf_amr_visualization.t:call-annotate_asm-0-CA110357_filtere NOTICE docker image :: tag: "staphb/prokka:1.14.6", id: "sha256:071a092371791e68f168d61e40f702e5960c8a6e7165318c69588b65f35db07f", RepoDigest: "staphb/prokka@sha256:6bb2522e077ef08a8be7a3856fe80372ede3b832becba0728e1ddbe83d89a042"
2026-08-05 11:08:01.553 wdl.w:wf_amr_visualization.t:call-annotate_asm-1-CA114720_filtere NOTICE docker image :: tag: "staphb/prokka:1.14.6", id: "sha256:071a092371791e68f168d61e40f702e5960c8a6e7165318c69588b65f35db07f", RepoDigest: "staphb/prokka@sha256:6bb2522e077ef08a8be7a3856fe80372ede3b832becba0728e1ddbe83d89a042"
2026-08-05 11:08:01.555 wdl.w:wf_amr_visualization.t:call-annotate_asm-4-CA140705_filtere NOTICE docker image :: tag: "staphb/prokka:1.14.6", id: "sha256:071a092371791e68f168d61e40f702e5960c8a6e7165318c69588b65f35db07f", RepoDigest: "staphb/prokka@sha256:6bb2522e077ef08a8be7a3856fe80372ede3b832becba0728e1ddbe83d89a042"
2026-08-05 11:08:01.567 wdl.w:wf_amr_visualization.t:call-annotate_asm-5-CA140717_filtere NOTICE docker image :: tag: "staphb/prokka:1.14.6", id: "sha256:071a092371791e68f168d61e40f702e5960c8a6e7165318c69588b65f35db07f", RepoDigest: "staphb/prokka@sha256:6bb2522e077ef08a8be7a3856fe80372ede3b832becba0728e1ddbe83d89a042"
2026-08-05 11:08:01.597 wdl.w:wf_amr_visualization.t:call-annotate_asm-2-CA139575_filtere NOTICE docker image :: tag: "staphb/prokka:1.14.6", id: "sha256:071a092371791e68f168d61e40f702e5960c8a6e7165318c69588b65f35db07f", RepoDigest: "staphb/prokka@sha256:6bb2522e077ef08a8be7a3856fe80372ede3b832becba0728e1ddbe83d89a042"
2026-08-05 11:08:01.602 wdl.w:wf_amr_visualization.t:call-parse_amr NOTICE docker image :: tag: "bioinfomoh/amr_visualization-r:1.0", id: "sha256:ac1c58971f49f53eb6f92e0cc8cbb137c7ccba8a221bf55c04f0545d5a234217", RepoDigest: "bioinfomoh/amr_visualization-r@sha256:01474730bb8774ac5721e06becf54144dac059f270b6d9ea142aa9c4fbe2fa15"
2026-08-05 11:08:02.662 wdl.w:wf_amr_visualization.t:call-annotate_asm-2-CA139575_filtere NOTICE docker task running :: service: "nm00sglo6b57", task: "ptw0y5a0pl", node: "no3gik2thg", message: "started"
2026-08-05 11:08:03.104 wdl.w:wf_amr_visualization.t:call-annotate_asm-4-CA140705_filtere NOTICE docker task running :: service: "egcxfottj6nj", task: "nvj85wpdeq", node: "no3gik2thg", message: "started"
2026-08-05 11:08:03.443 wdl.w:wf_amr_visualization.t:call-annotate_asm-0-CA110357_filtere NOTICE docker task running :: service: "zqwklc92npob", task: "kmamcuqlog", node: "no3gik2thg", message: "started"
2026-08-05 11:08:03.484 wdl.w:wf_amr_visualization.t:call-annotate_asm-3-CA140404_filtere NOTICE docker task running :: service: "zhj8oeqv9m8r", task: "yr8iybwop5", node: "no3gik2thg", message: "started"
2026-08-05 11:08:03.542 wdl.w:wf_amr_visualization.t:call-parse_amr NOTICE docker task running :: service: "upmvhesg5w8b", task: "wrgdpmx1a6", node: "no3gik2thg", message: "started"
2026-08-05 11:08:03.704 wdl.w:wf_amr_visualization.t:call-annotate_asm-5-CA140717_filtere NOTICE docker task running :: service: "m5ihadt4ig7w", task: "gf80qyuoed", node: "no3gik2thg", message: "started"
2026-08-05 11:08:04.224 wdl.w:wf_amr_visualization.t:call-annotate_asm-1-CA114720_filtere NOTICE docker task running :: service: "gclg3bzkm2hw", task: "jirv69jk4c", node: "no3gik2thg", message: "started"
2026-08-05 11:08:05.399 wdl.w:wf_amr_visualization.t:call-parse_amr NOTICE docker task exit :: state: "complete", exit_code: 0
2026-08-05 11:08:06.051 wdl.w:wf_amr_visualization.t:call-parse_amr NOTICE done
2026-08-05 11:08:06.052 wdl.w:wf_amr_visualization NOTICE finish :: job: "call-parse_amr"
2026-08-05 11:10:47.885 wdl.w:wf_amr_visualization.t:call-annotate_asm-1-CA114720_filtere NOTICE docker task exit :: state: "complete", exit_code: 0
2026-08-05 11:10:48.306 wdl.w:wf_amr_visualization.t:call-annotate_asm-5-CA140717_filtere NOTICE docker task exit :: state: "complete", exit_code: 0
2026-08-05 11:10:48.536 wdl.w:wf_amr_visualization.t:call-annotate_asm-1-CA114720_filtere NOTICE done
2026-08-05 11:10:48.537 wdl.w:wf_amr_visualization NOTICE finish :: job: "call-annotate_asm-1-CA114720_filtere"
2026-08-05 11:10:48.967 wdl.w:wf_amr_visualization.t:call-annotate_asm-5-CA140717_filtere NOTICE done
2026-08-05 11:10:48.967 wdl.w:wf_amr_visualization NOTICE finish :: job: "call-annotate_asm-5-CA140717_filtere"
2026-08-05 11:10:50.230 wdl.w:wf_amr_visualization.t:call-annotate_asm-4-CA140705_filtere NOTICE docker task exit :: state: "complete", exit_code: 0
2026-08-05 11:10:50.591 wdl.w:wf_amr_visualization.t:call-annotate_asm-2-CA139575_filtere NOTICE docker task exit :: state: "complete", exit_code: 0
2026-08-05 11:10:50.893 wdl.w:wf_amr_visualization.t:call-annotate_asm-4-CA140705_filtere NOTICE done
2026-08-05 11:10:50.893 wdl.w:wf_amr_visualization NOTICE finish :: job: "call-annotate_asm-4-CA140705_filtere"
2026-08-05 11:10:51.273 wdl.w:wf_amr_visualization.t:call-annotate_asm-2-CA139575_filtere NOTICE done
2026-08-05 11:10:51.274 wdl.w:wf_amr_visualization NOTICE finish :: job: "call-annotate_asm-2-CA139575_filtere"
2026-08-05 11:10:51.340 wdl.w:wf_amr_visualization.t:call-annotate_asm-0-CA110357_filtere NOTICE docker task exit :: state: "complete", exit_code: 0
2026-08-05 11:10:51.931 wdl.w:wf_amr_visualization.t:call-annotate_asm-0-CA110357_filtere NOTICE done
2026-08-05 11:10:51.931 wdl.w:wf_amr_visualization NOTICE finish :: job: "call-annotate_asm-0-CA110357_filtere"
2026-08-05 11:11:02.064 wdl.w:wf_amr_visualization.t:call-annotate_asm-3-CA140404_filtere NOTICE docker task exit :: state: "complete", exit_code: 0
2026-08-05 11:11:02.691 wdl.w:wf_amr_visualization.t:call-annotate_asm-3-CA140404_filtere NOTICE done
2026-08-05 11:11:02.692 wdl.w:wf_amr_visualization NOTICE finish :: job: "call-annotate_asm-3-CA140404_filtere"
2026-08-05 11:11:02.693 wdl.w:wf_amr_visualization NOTICE ready :: job: "call-pangenome", callee: "pangenome"
2026-08-05 11:11:02.694 wdl.w:wf_amr_visualization.t:call-pangenome NOTICE task setup :: name: "pangenome", source: "../../tasks/data_visualization/task_amr_visualization.wdl", line: 89, column: 1, dir: "/home/user1/Desktop/programs/wdl/IsraBact/20260805_110801_wf_amr_visualization/call-pangenome", thread: 140139479225920
2026-08-05 11:11:02.711 wdl.w:wf_amr_visualization.t:call-pangenome WARNING ignored runtime settings :: keys: ["disks"]
2026-08-05 11:11:02.734 wdl.w:wf_amr_visualization.t:call-pangenome NOTICE docker image :: tag: "staphb/roary:3.13.0", id: "sha256:a8285216e44180c04c30943ea8f2eb5740b39386ef7d1a38338fe9b4f81fb590", RepoDigest: "staphb/roary@sha256:ed4428775092c06cc57531fb000529decc8f94d8635afa10b04b254718359ce5"
2026-08-05 11:11:04.971 wdl.w:wf_amr_visualization.t:call-pangenome NOTICE docker task running :: service: "ebc4hsdkjhhm", task: "4c37d1cdju", node: "no3gik2thg", message: "started"
2026-08-05 11:13:27.940 wdl.w:wf_amr_visualization.t:call-pangenome NOTICE docker task exit :: state: "complete", exit_code: 0
2026-08-05 11:13:28.722 wdl.w:wf_amr_visualization.t:call-pangenome NOTICE done
2026-08-05 11:13:28.723 wdl.w:wf_amr_visualization NOTICE finish :: job: "call-pangenome"
2026-08-05 11:13:28.725 wdl.w:wf_amr_visualization NOTICE ready :: job: "call-build_tree", callee: "build_tree"
2026-08-05 11:13:28.726 wdl.w:wf_amr_visualization.t:call-build_tree NOTICE task setup :: name: "build_tree", source: "../../tasks/data_visualization/task_amr_visualization.wdl", line: 122, column: 1, dir: "/home/user1/Desktop/programs/wdl/IsraBact/20260805_110801_wf_amr_visualization/call-build_tree", thread: 140139428869696
2026-08-05 11:13:28.765 wdl.w:wf_amr_visualization.t:call-build_tree WARNING ignored runtime settings :: keys: ["disks"]
2026-08-05 11:13:28.798 wdl.w:wf_amr_visualization.t:call-build_tree NOTICE docker image :: tag: "staphb/iqtree2:2.1.2", id: "sha256:a660378760db013e9463a3cf0413f5909c7350b7ea33bb62407b5c05319c6e6b", RepoDigest: "staphb/iqtree2@sha256:af0408fcf62984fba278d7bd626fa7fab51dc144a3a0c6d5354a662f660e9f82"
2026-08-05 11:13:30.490 wdl.w:wf_amr_visualization.t:call-build_tree NOTICE docker task running :: service: "n7vj10bhav06", task: "ahr863sm4o", node: "no3gik2thg", message: "started"
2026-08-05 11:13:32.284 wdl.w:wf_amr_visualization.t:call-build_tree NOTICE docker task exit :: state: "complete", exit_code: 0
2026-08-05 11:13:33.042 wdl.w:wf_amr_visualization.t:call-build_tree NOTICE done
2026-08-05 11:13:33.043 wdl.w:wf_amr_visualization NOTICE finish :: job: "call-build_tree"
2026-08-05 11:13:33.047 wdl.w:wf_amr_visualization NOTICE ready :: job: "call-plot_heatmap", callee: "plot_heatmap"
2026-08-05 11:13:33.049 wdl.w:wf_amr_visualization.t:call-plot_heatmap NOTICE task setup :: name: "plot_heatmap", source: "../../tasks/data_visualization/task_amr_visualization.wdl", line: 154, column: 1, dir: "/home/user1/Desktop/programs/wdl/IsraBact/20260805_110801_wf_amr_visualization/call-plot_heatmap", thread: 140139454047808
2026-08-05 11:13:33.067 wdl.w:wf_amr_visualization.t:call-plot_heatmap WARNING ignored runtime settings :: keys: ["disks"]
2026-08-05 11:13:33.089 wdl.w:wf_amr_visualization.t:call-plot_heatmap NOTICE docker image :: tag: "bioinfomoh/amr_visualization-r:1.0", id: "sha256:ac1c58971f49f53eb6f92e0cc8cbb137c7ccba8a221bf55c04f0545d5a234217", RepoDigest: "bioinfomoh/amr_visualization-r@sha256:01474730bb8774ac5721e06becf54144dac059f270b6d9ea142aa9c4fbe2fa15"
2026-08-05 11:13:34.621 wdl.w:wf_amr_visualization.t:call-plot_heatmap NOTICE docker task running :: service: "qvlynbhefx14", task: "o0f8vnp299", node: "no3gik2thg", message: "started"
2026-08-05 11:13:41.118 wdl.w:wf_amr_visualization.t:call-plot_heatmap NOTICE docker task exit :: state: "complete", exit_code: 0
2026-08-05 11:13:41.700 wdl.w:wf_amr_visualization.t:call-plot_heatmap NOTICE done
2026-08-05 11:13:41.701 wdl.w:wf_amr_visualization NOTICE finish :: job: "call-plot_heatmap"
2026-08-05 11:13:41.712 wdl.w:wf_amr_visualization NOTICE done
