
**************************************************************************
 ___       _                               _____ _           _
|_ _|_ __ | |_ ___  __ _ _ __ ___  _ __   |  ___(_)_ __   __| | ___ _ __
 | || '_ \| __/ _ \/ _` | '__/ _ \| '_ \  | |_  | | '_ \ / _` |/ _ \ '__|
 | || | | | ||  __/ (_| | | | (_) | | | | |  _| | | | | | (_| |  __/ |
|___|_| |_|\__\___|\__, |_|  \___/|_| |_| |_|   |_|_| |_|\__,_|\___|_|
                   |___/

**************************************************************************

integron_finder version 2.0.6 
Using:
 - Python 3.10.19 | packaged by conda-forge | (main, Jan 26 2026, 23:45:08) [GCC 14.3.0]
 - numpy 2.2.6
 - pandas 2.3.3
 - matplolib 3.10.8
 - biopython 1.83

 - Prodigal V2.6.3: February, 2016
 - INFERNAL 1.1.4 (Dec 2020)
 - HMMER 3.3.2 (Nov 2020); http://hmmer.org/

Authors:
 - Jean Cury, Bertrand Neron, Eduardo Rocha,

Citation:

 Néron, B.; Littner, E.; Haudiquet, M.; Perrin, A.; Cury, J.; Rocha, E.P.C.
 IntegronFinder 2.0: Identification and Analysis of Integrons across Bacteria, with a Focus on Antibiotic Resistance in Klebsiella.
 Microorganisms 2022, 10, 700. https://doi.org/10.3390/microorganisms10040700

 If you use --func-annot in conjunction with file NCBIfam-AMRFinder.hmm please also cite

 Haft, DH et al., Nucleic Acids Res. 2018 Jan 4;46(D1):D851-D860
 PMID: 29112715
 

                     =======================

integron_finder is free software: you can redistribute it and/or modify
it under the terms of the GNU General Public License as published by
the Free Software Foundation, either version 3 of the License, or
(at your option) any later version.

integron_finder is distributed in the hope that it will be useful,
but WITHOUT ANY WARRANTY; without even the implied warranty of
MERCHANTABILITY or FITNESS FOR A PARTICULAR PURPOSE. See the
GNU General Public License for more details.

You should have received a copy of the GNU General Public License
along with this program (COPYING file).
If not, see <http://www.gnu.org/licenses/>.

                     =======================

command used: integron_finder --cpu 16 --outdir results/ --gbk --func-annot --mute /mnt/miniwdl_task_container/work/_miniwdl_inputs/0/CB522_filtered_contigs.fasta

                     =======================

[0m
INFO     : ############ Processing replicon NODE_1_length_332826_cov_33.806233 (1/69) ############

INFO     : Starting Default search ... :
INFO     : Default search done... : 
INFO     : In replicon NODE_1_length_332826_cov_33.806233, there are:
INFO     : - 0 complete integron(s) found with a total 0 attC site(s)
INFO     : - 0 CALIN element(s) found with a total of 0 attC site(s)
INFO     : - 0 In0 element(s) found with a total of 0 attC site
INFO     : Starting functional annotation ...:
INFO     : Writing out results for replicon NODE_1_length_332826_cov_33.806233
INFO     : ############ Processing replicon NODE_2_length_329649_cov_45.422224 (2/69) ############

INFO     : Starting Default search ... :
INFO     : Default search done... : 
INFO     : In replicon NODE_2_length_329649_cov_45.422224, there are:
INFO     : - 0 complete integron(s) found with a total 0 attC site(s)
INFO     : - 0 CALIN element(s) found with a total of 0 attC site(s)
INFO     : - 0 In0 element(s) found with a total of 0 attC site
INFO     : Starting functional annotation ...:
INFO     : Writing out results for replicon NODE_2_length_329649_cov_45.422224
INFO     : ############ Processing replicon NODE_3_length_264459_cov_43.044652 (3/69) ############

INFO     : Starting Default search ... :
INFO     : Default search done... : 
INFO     : In replicon NODE_3_length_264459_cov_43.044652, there are:
INFO     : - 0 complete integron(s) found with a total 0 attC site(s)
INFO     : - 0 CALIN element(s) found with a total of 0 attC site(s)
INFO     : - 0 In0 element(s) found with a total of 0 attC site
INFO     : Starting functional annotation ...:
INFO     : Writing out results for replicon NODE_3_length_264459_cov_43.044652
INFO     : ############ Processing replicon NODE_4_length_137862_cov_42.386496 (4/69) ############

INFO     : Starting Default search ... :
INFO     : Default search done... : 
INFO     : In replicon NODE_4_length_137862_cov_42.386496, there are:
INFO     : - 0 complete integron(s) found with a total 0 attC site(s)
INFO     : - 0 CALIN element(s) found with a total of 0 attC site(s)
INFO     : - 0 In0 element(s) found with a total of 0 attC site
INFO     : Starting functional annotation ...:
INFO     : Writing out results for replicon NODE_4_length_137862_cov_42.386496
INFO     : ############ Processing replicon NODE_5_length_121237_cov_42.229122 (5/69) ############

INFO     : Starting Default search ... :
INFO     : Default search done... : 
INFO     : In replicon NODE_5_length_121237_cov_42.229122, there are:
INFO     : - 0 complete integron(s) found with a total 0 attC site(s)
INFO     : - 0 CALIN element(s) found with a total of 0 attC site(s)
INFO     : - 0 In0 element(s) found with a total of 0 attC site
INFO     : Starting functional annotation ...:
INFO     : Writing out results for replicon NODE_5_length_121237_cov_42.229122
INFO     : ############ Processing replicon NODE_6_length_99653_cov_38.902538 (6/69) ############

INFO     : Starting Default search ... :
INFO     : Default search done... : 
INFO     : In replicon NODE_6_length_99653_cov_38.902538, there are:
INFO     : - 0 complete integron(s) found with a total 0 attC site(s)
INFO     : - 0 CALIN element(s) found with a total of 0 attC site(s)
INFO     : - 0 In0 element(s) found with a total of 0 attC site
INFO     : Starting functional annotation ...:
INFO     : Writing out results for replicon NODE_6_length_99653_cov_38.902538
INFO     : ############ Processing replicon NODE_7_length_93286_cov_38.965596 (7/69) ############

INFO     : Starting Default search ... :
INFO     : Default search done... : 
INFO     : In replicon NODE_7_length_93286_cov_38.965596, there are:
INFO     : - 0 complete integron(s) found with a total 0 attC site(s)
INFO     : - 0 CALIN element(s) found with a total of 0 attC site(s)
INFO     : - 0 In0 element(s) found with a total of 0 attC site
INFO     : Starting functional annotation ...:
INFO     : Writing out results for replicon NODE_7_length_93286_cov_38.965596
INFO     : ############ Processing replicon NODE_8_length_93038_cov_39.917803 (8/69) ############

INFO     : Starting Default search ... :
INFO     : Default search done... : 
INFO     : In replicon NODE_8_length_93038_cov_39.917803, there are:
INFO     : - 0 complete integron(s) found with a total 0 attC site(s)
INFO     : - 0 CALIN element(s) found with a total of 0 attC site(s)
INFO     : - 0 In0 element(s) found with a total of 0 attC site
INFO     : Starting functional annotation ...:
INFO     : Writing out results for replicon NODE_8_length_93038_cov_39.917803
INFO     : ############ Processing replicon NODE_9_length_81849_cov_46.681922 (9/69) ############

INFO     : Starting Default search ... :
INFO     : Default search done... : 
INFO     : In replicon NODE_9_length_81849_cov_46.681922, there are:
INFO     : - 0 complete integron(s) found with a total 0 attC site(s)
INFO     : - 0 CALIN element(s) found with a total of 0 attC site(s)
INFO     : - 0 In0 element(s) found with a total of 0 attC site
INFO     : Starting functional annotation ...:
INFO     : Writing out results for replicon NODE_9_length_81849_cov_46.681922
INFO     : ############ Processing replicon NODE_10_length_81151_cov_47.097008 (10/69) ############

INFO     : Starting Default search ... :
INFO     : Default search done... : 
INFO     : In replicon NODE_10_length_81151_cov_47.097008, there are:
INFO     : - 0 complete integron(s) found with a total 0 attC site(s)
INFO     : - 0 CALIN element(s) found with a total of 0 attC site(s)
INFO     : - 0 In0 element(s) found with a total of 0 attC site
INFO     : Starting functional annotation ...:
INFO     : Writing out results for replicon NODE_10_length_81151_cov_47.097008
INFO     : ############ Processing replicon NODE_11_length_75616_cov_46.735617 (11/69) ############

INFO     : Starting Default search ... :
INFO     : Default search done... : 
INFO     : In replicon NODE_11_length_75616_cov_46.735617, there are:
INFO     : - 0 complete integron(s) found with a total 0 attC site(s)
INFO     : - 0 CALIN element(s) found with a total of 0 attC site(s)
INFO     : - 0 In0 element(s) found with a total of 0 attC site
INFO     : Starting functional annotation ...:
INFO     : Writing out results for replicon NODE_11_length_75616_cov_46.735617
INFO     : ############ Processing replicon NODE_12_length_71238_cov_45.640196 (12/69) ############

INFO     : Starting Default search ... :
INFO     : Default search done... : 
INFO     : In replicon NODE_12_length_71238_cov_45.640196, there are:
INFO     : - 0 complete integron(s) found with a total 0 attC site(s)
INFO     : - 0 CALIN element(s) found with a total of 0 attC site(s)
INFO     : - 0 In0 element(s) found with a total of 0 attC site
INFO     : Starting functional annotation ...:
INFO     : Writing out results for replicon NODE_12_length_71238_cov_45.640196
INFO     : ############ Processing replicon NODE_13_length_66350_cov_39.660616 (13/69) ############

INFO     : Starting Default search ... :
INFO     : Default search done... : 
INFO     : In replicon NODE_13_length_66350_cov_39.660616, there are:
INFO     : - 0 complete integron(s) found with a total 0 attC site(s)
INFO     : - 0 CALIN element(s) found with a total of 0 attC site(s)
INFO     : - 0 In0 element(s) found with a total of 0 attC site
INFO     : Starting functional annotation ...:
INFO     : Writing out results for replicon NODE_13_length_66350_cov_39.660616
INFO     : ############ Processing replicon NODE_14_length_61789_cov_42.811715 (14/69) ############

INFO     : Starting Default search ... :
INFO     : Default search done... : 
INFO     : In replicon NODE_14_length_61789_cov_42.811715, there are:
INFO     : - 0 complete integron(s) found with a total 0 attC site(s)
INFO     : - 0 CALIN element(s) found with a total of 0 attC site(s)
INFO     : - 0 In0 element(s) found with a total of 0 attC site
INFO     : Starting functional annotation ...:
INFO     : Writing out results for replicon NODE_14_length_61789_cov_42.811715
INFO     : ############ Processing replicon NODE_15_length_50330_cov_44.114037 (15/69) ############

INFO     : Starting Default search ... :
INFO     : Default search done... : 
INFO     : In replicon NODE_15_length_50330_cov_44.114037, there are:
INFO     : - 0 complete integron(s) found with a total 0 attC site(s)
INFO     : - 0 CALIN element(s) found with a total of 0 attC site(s)
INFO     : - 0 In0 element(s) found with a total of 0 attC site
INFO     : Starting functional annotation ...:
INFO     : Writing out results for replicon NODE_15_length_50330_cov_44.114037
INFO     : ############ Processing replicon NODE_16_length_44836_cov_36.996578 (16/69) ############

INFO     : Starting Default search ... :
INFO     : Default search done... : 
INFO     : In replicon NODE_16_length_44836_cov_36.996578, there are:
INFO     : - 0 complete integron(s) found with a total 0 attC site(s)
INFO     : - 0 CALIN element(s) found with a total of 0 attC site(s)
INFO     : - 0 In0 element(s) found with a total of 0 attC site
INFO     : Starting functional annotation ...:
INFO     : Writing out results for replicon NODE_16_length_44836_cov_36.996578
INFO     : ############ Processing replicon NODE_17_length_44330_cov_46.645816 (17/69) ############

INFO     : Starting Default search ... :
INFO     : Default search done... : 
INFO     : In replicon NODE_17_length_44330_cov_46.645816, there are:
INFO     : - 0 complete integron(s) found with a total 0 attC site(s)
INFO     : - 0 CALIN element(s) found with a total of 0 attC site(s)
INFO     : - 0 In0 element(s) found with a total of 0 attC site
INFO     : Starting functional annotation ...:
INFO     : Writing out results for replicon NODE_17_length_44330_cov_46.645816
INFO     : ############ Processing replicon NODE_18_length_38118_cov_46.911848 (18/69) ############

INFO     : Starting Default search ... :
INFO     : Default search done... : 
INFO     : In replicon NODE_18_length_38118_cov_46.911848, there are:
INFO     : - 0 complete integron(s) found with a total 0 attC site(s)
INFO     : - 0 CALIN element(s) found with a total of 0 attC site(s)
INFO     : - 0 In0 element(s) found with a total of 0 attC site
INFO     : Starting functional annotation ...:
INFO     : Writing out results for replicon NODE_18_length_38118_cov_46.911848
INFO     : ############ Processing replicon NODE_19_length_36873_cov_34.833070 (19/69) ############

INFO     : Starting Default search ... :
INFO     : Default search done... : 
INFO     : In replicon NODE_19_length_36873_cov_34.833070, there are:
INFO     : - 0 complete integron(s) found with a total 0 attC site(s)
INFO     : - 0 CALIN element(s) found with a total of 0 attC site(s)
INFO     : - 0 In0 element(s) found with a total of 0 attC site
INFO     : Starting functional annotation ...:
INFO     : Writing out results for replicon NODE_19_length_36873_cov_34.833070
INFO     : ############ Processing replicon NODE_20_length_36100_cov_45.836183 (20/69) ############

INFO     : Starting Default search ... :
INFO     : Default search done... : 
INFO     : In replicon NODE_20_length_36100_cov_45.836183, there are:
INFO     : - 0 complete integron(s) found with a total 0 attC site(s)
INFO     : - 0 CALIN element(s) found with a total of 0 attC site(s)
INFO     : - 0 In0 element(s) found with a total of 0 attC site
INFO     : Starting functional annotation ...:
INFO     : Writing out results for replicon NODE_20_length_36100_cov_45.836183
INFO     : ############ Processing replicon NODE_21_length_32233_cov_35.606834 (21/69) ############

INFO     : Starting Default search ... :
INFO     : Default search done... : 
INFO     : In replicon NODE_21_length_32233_cov_35.606834, there are:
INFO     : - 0 complete integron(s) found with a total 0 attC site(s)
INFO     : - 0 CALIN element(s) found with a total of 0 attC site(s)
INFO     : - 0 In0 element(s) found with a total of 0 attC site
INFO     : Starting functional annotation ...:
INFO     : Writing out results for replicon NODE_21_length_32233_cov_35.606834
INFO     : ############ Processing replicon NODE_22_length_31278_cov_42.274020 (22/69) ############

INFO     : Starting Default search ... :
INFO     : Default search done... : 
INFO     : In replicon NODE_22_length_31278_cov_42.274020, there are:
INFO     : - 0 complete integron(s) found with a total 0 attC site(s)
INFO     : - 0 CALIN element(s) found with a total of 0 attC site(s)
INFO     : - 0 In0 element(s) found with a total of 0 attC site
INFO     : Starting functional annotation ...:
INFO     : Writing out results for replicon NODE_22_length_31278_cov_42.274020
INFO     : ############ Processing replicon NODE_23_length_30268_cov_39.912611 (23/69) ############

INFO     : Starting Default search ... :
INFO     : Default search done... : 
INFO     : In replicon NODE_23_length_30268_cov_39.912611, there are:
INFO     : - 0 complete integron(s) found with a total 0 attC site(s)
INFO     : - 0 CALIN element(s) found with a total of 0 attC site(s)
INFO     : - 0 In0 element(s) found with a total of 0 attC site
INFO     : Starting functional annotation ...:
INFO     : Writing out results for replicon NODE_23_length_30268_cov_39.912611
INFO     : ############ Processing replicon NODE_24_length_30092_cov_40.508226 (24/69) ############

INFO     : Starting Default search ... :
INFO     : Default search done... : 
INFO     : In replicon NODE_24_length_30092_cov_40.508226, there are:
INFO     : - 0 complete integron(s) found with a total 0 attC site(s)
INFO     : - 0 CALIN element(s) found with a total of 0 attC site(s)
INFO     : - 0 In0 element(s) found with a total of 0 attC site
INFO     : Starting functional annotation ...:
INFO     : Writing out results for replicon NODE_24_length_30092_cov_40.508226
INFO     : ############ Processing replicon NODE_25_length_29637_cov_47.457099 (25/69) ############

INFO     : Starting Default search ... :
INFO     : Default search done... : 
INFO     : In replicon NODE_25_length_29637_cov_47.457099, there are:
INFO     : - 0 complete integron(s) found with a total 0 attC site(s)
INFO     : - 0 CALIN element(s) found with a total of 0 attC site(s)
INFO     : - 0 In0 element(s) found with a total of 0 attC site
INFO     : Starting functional annotation ...:
INFO     : Writing out results for replicon NODE_25_length_29637_cov_47.457099
INFO     : ############ Processing replicon NODE_26_length_26025_cov_40.386787 (26/69) ############

INFO     : Starting Default search ... :
INFO     : Default search done... : 
INFO     : In replicon NODE_26_length_26025_cov_40.386787, there are:
INFO     : - 0 complete integron(s) found with a total 0 attC site(s)
INFO     : - 0 CALIN element(s) found with a total of 0 attC site(s)
INFO     : - 0 In0 element(s) found with a total of 0 attC site
INFO     : Starting functional annotation ...:
INFO     : Writing out results for replicon NODE_26_length_26025_cov_40.386787
INFO     : ############ Processing replicon NODE_27_length_19531_cov_46.451402 (27/69) ############

INFO     : Starting Default search ... :
INFO     : Default search done... : 
INFO     : In replicon NODE_27_length_19531_cov_46.451402, there are:
INFO     : - 0 complete integron(s) found with a total 0 attC site(s)
INFO     : - 0 CALIN element(s) found with a total of 0 attC site(s)
INFO     : - 0 In0 element(s) found with a total of 0 attC site
INFO     : Starting functional annotation ...:
INFO     : Writing out results for replicon NODE_27_length_19531_cov_46.451402
INFO     : ############ Processing replicon NODE_28_length_15062_cov_46.991363 (28/69) ############

INFO     : Starting Default search ... :
INFO     : Default search done... : 
INFO     : In replicon NODE_28_length_15062_cov_46.991363, there are:
INFO     : - 0 complete integron(s) found with a total 0 attC site(s)
INFO     : - 0 CALIN element(s) found with a total of 0 attC site(s)
INFO     : - 0 In0 element(s) found with a total of 0 attC site
INFO     : Starting functional annotation ...:
INFO     : Writing out results for replicon NODE_28_length_15062_cov_46.991363
INFO     : ############ Processing replicon NODE_29_length_8372_cov_44.590418 (29/69) ############

INFO     : Starting Default search ... :
INFO     : Default search done... : 
INFO     : In replicon NODE_29_length_8372_cov_44.590418, there are:
INFO     : - 0 complete integron(s) found with a total 0 attC site(s)
INFO     : - 0 CALIN element(s) found with a total of 0 attC site(s)
INFO     : - 0 In0 element(s) found with a total of 0 attC site
INFO     : Starting functional annotation ...:
INFO     : Writing out results for replicon NODE_29_length_8372_cov_44.590418
INFO     : ############ Processing replicon NODE_30_length_5130_cov_34.167300 (30/69) ############

INFO     : Starting Default search ... :
INFO     : Default search done... : 
INFO     : In replicon NODE_30_length_5130_cov_34.167300, there are:
INFO     : - 0 complete integron(s) found with a total 0 attC site(s)
INFO     : - 0 CALIN element(s) found with a total of 0 attC site(s)
INFO     : - 0 In0 element(s) found with a total of 0 attC site
INFO     : Starting functional annotation ...:
INFO     : Writing out results for replicon NODE_30_length_5130_cov_34.167300
INFO     : ############ Processing replicon NODE_31_length_3184_cov_41.807327 (31/69) ############

INFO     : Starting Default search ... :
INFO     : Default search done... : 
INFO     : In replicon NODE_31_length_3184_cov_41.807327, there are:
INFO     : - 0 complete integron(s) found with a total 0 attC site(s)
INFO     : - 0 CALIN element(s) found with a total of 0 attC site(s)
INFO     : - 0 In0 element(s) found with a total of 0 attC site
INFO     : Starting functional annotation ...:
INFO     : Writing out results for replicon NODE_31_length_3184_cov_41.807327
INFO     : ############ Processing replicon NODE_32_length_2545_cov_212.742763 (32/69) ############

INFO     : Starting Default search ... :
INFO     : Default search done... : 
INFO     : In replicon NODE_32_length_2545_cov_212.742763, there are:
INFO     : - 0 complete integron(s) found with a total 0 attC site(s)
INFO     : - 0 CALIN element(s) found with a total of 0 attC site(s)
INFO     : - 0 In0 element(s) found with a total of 0 attC site
INFO     : Starting functional annotation ...:
INFO     : Writing out results for replicon NODE_32_length_2545_cov_212.742763
INFO     : ############ Processing replicon NODE_33_length_1920_cov_209.640268 (33/69) ############

INFO     : Starting Default search ... :
INFO     : Default search done... : 
INFO     : In replicon NODE_33_length_1920_cov_209.640268, there are:
INFO     : - 0 complete integron(s) found with a total 0 attC site(s)
INFO     : - 0 CALIN element(s) found with a total of 0 attC site(s)
INFO     : - 0 In0 element(s) found with a total of 0 attC site
INFO     : Starting functional annotation ...:
INFO     : Writing out results for replicon NODE_33_length_1920_cov_209.640268
INFO     : ############ Processing replicon NODE_34_length_1618_cov_44.110664 (34/69) ############

INFO     : Starting Default search ... :
INFO     : Default search done... : 
INFO     : In replicon NODE_34_length_1618_cov_44.110664, there are:
INFO     : - 0 complete integron(s) found with a total 0 attC site(s)
INFO     : - 0 CALIN element(s) found with a total of 0 attC site(s)
INFO     : - 0 In0 element(s) found with a total of 0 attC site
INFO     : Starting functional annotation ...:
INFO     : Writing out results for replicon NODE_34_length_1618_cov_44.110664
INFO     : ############ Processing replicon NODE_35_length_1468_cov_83.658464 (35/69) ############

INFO     : Starting Default search ... :
INFO     : Default search done... : 
INFO     : In replicon NODE_35_length_1468_cov_83.658464, there are:
INFO     : - 0 complete integron(s) found with a total 0 attC site(s)
INFO     : - 0 CALIN element(s) found with a total of 0 attC site(s)
INFO     : - 0 In0 element(s) found with a total of 0 attC site
INFO     : Starting functional annotation ...:
INFO     : Writing out results for replicon NODE_35_length_1468_cov_83.658464
INFO     : ############ Processing replicon NODE_36_length_1437_cov_305.612214 (36/69) ############

INFO     : Starting Default search ... :
INFO     : Default search done... : 
INFO     : In replicon NODE_36_length_1437_cov_305.612214, there are:
INFO     : - 0 complete integron(s) found with a total 0 attC site(s)
INFO     : - 0 CALIN element(s) found with a total of 0 attC site(s)
INFO     : - 0 In0 element(s) found with a total of 0 attC site
INFO     : Starting functional annotation ...:
INFO     : Writing out results for replicon NODE_36_length_1437_cov_305.612214
INFO     : ############ Processing replicon NODE_37_length_1415_cov_182.300466 (37/69) ############

INFO     : Starting Default search ... :
INFO     : Default search done... : 
INFO     : In replicon NODE_37_length_1415_cov_182.300466, there are:
INFO     : - 0 complete integron(s) found with a total 0 attC site(s)
INFO     : - 0 CALIN element(s) found with a total of 0 attC site(s)
INFO     : - 0 In0 element(s) found with a total of 0 attC site
INFO     : Starting functional annotation ...:
INFO     : Writing out results for replicon NODE_37_length_1415_cov_182.300466
INFO     : ############ Processing replicon NODE_38_length_1153_cov_83.038012 (38/69) ############

INFO     : Starting Default search ... :
INFO     : Default search done... : 
INFO     : In replicon NODE_38_length_1153_cov_83.038012, there are:
INFO     : - 0 complete integron(s) found with a total 0 attC site(s)
INFO     : - 0 CALIN element(s) found with a total of 0 attC site(s)
INFO     : - 0 In0 element(s) found with a total of 0 attC site
INFO     : Starting functional annotation ...:
INFO     : Writing out results for replicon NODE_38_length_1153_cov_83.038012
INFO     : ############ Processing replicon NODE_39_length_1058_cov_205.907626 (39/69) ############

INFO     : Starting Default search ... :
INFO     : Default search done... : 
INFO     : In replicon NODE_39_length_1058_cov_205.907626, there are:
INFO     : - 0 complete integron(s) found with a total 0 attC site(s)
INFO     : - 0 CALIN element(s) found with a total of 0 attC site(s)
INFO     : - 0 In0 element(s) found with a total of 0 attC site
INFO     : Starting functional annotation ...:
INFO     : Writing out results for replicon NODE_39_length_1058_cov_205.907626
INFO     : ############ Processing replicon NODE_40_length_1014_cov_82.798196 (40/69) ############

INFO     : Starting Default search ... :
INFO     : Default search done... : 
INFO     : In replicon NODE_40_length_1014_cov_82.798196, there are:
INFO     : - 0 complete integron(s) found with a total 0 attC site(s)
INFO     : - 0 CALIN element(s) found with a total of 0 attC site(s)
INFO     : - 0 In0 element(s) found with a total of 0 attC site
INFO     : Starting functional annotation ...:
INFO     : Writing out results for replicon NODE_40_length_1014_cov_82.798196
INFO     : ############ Processing replicon NODE_41_length_893_cov_92.849869 (41/69) ############

INFO     : Starting Default search ... :
INFO     : Default search done... : 
INFO     : In replicon NODE_41_length_893_cov_92.849869, there are:
INFO     : - 0 complete integron(s) found with a total 0 attC site(s)
INFO     : - 0 CALIN element(s) found with a total of 0 attC site(s)
INFO     : - 0 In0 element(s) found with a total of 0 attC site
INFO     : Starting functional annotation ...:
INFO     : Writing out results for replicon NODE_41_length_893_cov_92.849869
INFO     : ############ Processing replicon NODE_42_length_779_cov_58.128834 (42/69) ############

INFO     : Starting Default search ... :
INFO     : Default search done... : 
INFO     : In replicon NODE_42_length_779_cov_58.128834, there are:
INFO     : - 0 complete integron(s) found with a total 0 attC site(s)
INFO     : - 0 CALIN element(s) found with a total of 0 attC site(s)
INFO     : - 0 In0 element(s) found with a total of 0 attC site
INFO     : Starting functional annotation ...:
INFO     : Writing out results for replicon NODE_42_length_779_cov_58.128834
INFO     : ############ Processing replicon NODE_43_length_773_cov_40.195046 (43/69) ############

INFO     : Starting Default search ... :
INFO     : Default search done... : 
INFO     : In replicon NODE_43_length_773_cov_40.195046, there are:
INFO     : - 0 complete integron(s) found with a total 0 attC site(s)
INFO     : - 0 CALIN element(s) found with a total of 0 attC site(s)
INFO     : - 0 In0 element(s) found with a total of 0 attC site
INFO     : Starting functional annotation ...:
INFO     : Writing out results for replicon NODE_43_length_773_cov_40.195046
INFO     : ############ Processing replicon NODE_44_length_752_cov_409.580800 (44/69) ############

INFO     : Starting Default search ... :
INFO     : Default search done... : 
INFO     : In replicon NODE_44_length_752_cov_409.580800, there are:
INFO     : - 0 complete integron(s) found with a total 0 attC site(s)
INFO     : - 0 CALIN element(s) found with a total of 0 attC site(s)
INFO     : - 0 In0 element(s) found with a total of 0 attC site
INFO     : Starting functional annotation ...:
INFO     : Writing out results for replicon NODE_44_length_752_cov_409.580800
INFO     : ############ Processing replicon NODE_45_length_708_cov_410.786575 (45/69) ############

INFO     : Starting Default search ... :
INFO     : Default search done... : 
INFO     : In replicon NODE_45_length_708_cov_410.786575, there are:
INFO     : - 0 complete integron(s) found with a total 0 attC site(s)
INFO     : - 0 CALIN element(s) found with a total of 0 attC site(s)
INFO     : - 0 In0 element(s) found with a total of 0 attC site
INFO     : Starting functional annotation ...:
INFO     : Writing out results for replicon NODE_45_length_708_cov_410.786575
INFO     : ############ Processing replicon NODE_46_length_531_cov_45.207921 (46/69) ############

INFO     : Starting Default search ... :
INFO     : Default search done... : 
INFO     : In replicon NODE_46_length_531_cov_45.207921, there are:
INFO     : - 0 complete integron(s) found with a total 0 attC site(s)
INFO     : - 0 CALIN element(s) found with a total of 0 attC site(s)
INFO     : - 0 In0 element(s) found with a total of 0 attC site
INFO     : Starting functional annotation ...:
INFO     : Writing out results for replicon NODE_46_length_531_cov_45.207921
INFO     : ############ Processing replicon NODE_47_length_518_cov_105.291560 (47/69) ############

INFO     : Starting Default search ... :
INFO     : Default search done... : 
INFO     : In replicon NODE_47_length_518_cov_105.291560, there are:
INFO     : - 0 complete integron(s) found with a total 0 attC site(s)
INFO     : - 0 CALIN element(s) found with a total of 0 attC site(s)
INFO     : - 0 In0 element(s) found with a total of 0 attC site
INFO     : Starting functional annotation ...:
INFO     : Writing out results for replicon NODE_47_length_518_cov_105.291560
INFO     : ############ Processing replicon NODE_48_length_507_cov_46.131579 (48/69) ############

INFO     : Starting Default search ... :
INFO     : Default search done... : 
INFO     : In replicon NODE_48_length_507_cov_46.131579, there are:
INFO     : - 0 complete integron(s) found with a total 0 attC site(s)
INFO     : - 0 CALIN element(s) found with a total of 0 attC site(s)
INFO     : - 0 In0 element(s) found with a total of 0 attC site
INFO     : Starting functional annotation ...:
INFO     : Writing out results for replicon NODE_48_length_507_cov_46.131579
INFO     : ############ Processing replicon NODE_49_length_480_cov_106.243626 (49/69) ############

INFO     : Starting Default search ... :
INFO     : Default search done... : 
INFO     : In replicon NODE_49_length_480_cov_106.243626, there are:
INFO     : - 0 complete integron(s) found with a total 0 attC site(s)
INFO     : - 0 CALIN element(s) found with a total of 0 attC site(s)
INFO     : - 0 In0 element(s) found with a total of 0 attC site
INFO     : Starting functional annotation ...:
INFO     : Writing out results for replicon NODE_49_length_480_cov_106.243626
INFO     : ############ Processing replicon NODE_50_length_438_cov_82.630225 (50/69) ############

INFO     : Starting Default search ... :
INFO     : Default search done... : 
INFO     : In replicon NODE_50_length_438_cov_82.630225, there are:
INFO     : - 0 complete integron(s) found with a total 0 attC site(s)
INFO     : - 0 CALIN element(s) found with a total of 0 attC site(s)
INFO     : - 0 In0 element(s) found with a total of 0 attC site
INFO     : Starting functional annotation ...:
INFO     : Writing out results for replicon NODE_50_length_438_cov_82.630225
INFO     : ############ Processing replicon NODE_51_length_382_cov_33.054902 (51/69) ############

WARNING  : The protein file: '/mnt/miniwdl_task_container/work/results/Results_Integron_Finder_CB522_filtered_contigs/tmp_NODE_51_length_382_cov_33.054902/NODE_51_length_382_cov_33.054902.prt' is empty cannot perform hmmsearch on it.
WARNING  : ############ Skip replicon NODE_51_length_382_cov_33.054902 ############
INFO     : ############ Processing replicon NODE_52_length_374_cov_42.676113 (52/69) ############

INFO     : Starting Default search ... :
INFO     : Default search done... : 
INFO     : In replicon NODE_52_length_374_cov_42.676113, there are:
INFO     : - 0 complete integron(s) found with a total 0 attC site(s)
INFO     : - 0 CALIN element(s) found with a total of 0 attC site(s)
INFO     : - 0 In0 element(s) found with a total of 0 attC site
INFO     : Starting functional annotation ...:
INFO     : Writing out results for replicon NODE_52_length_374_cov_42.676113
INFO     : ############ Processing replicon NODE_53_length_374_cov_41.161943 (53/69) ############

INFO     : Starting Default search ... :
INFO     : Default search done... : 
INFO     : In replicon NODE_53_length_374_cov_41.161943, there are:
INFO     : - 0 complete integron(s) found with a total 0 attC site(s)
INFO     : - 0 CALIN element(s) found with a total of 0 attC site(s)
INFO     : - 0 In0 element(s) found with a total of 0 attC site
INFO     : Starting functional annotation ...:
INFO     : Writing out results for replicon NODE_53_length_374_cov_41.161943
INFO     : ############ Processing replicon NODE_54_length_324_cov_50.218274 (54/69) ############

INFO     : Starting Default search ... :
INFO     : Default search done... : 
INFO     : In replicon NODE_54_length_324_cov_50.218274, there are:
INFO     : - 0 complete integron(s) found with a total 0 attC site(s)
INFO     : - 0 CALIN element(s) found with a total of 0 attC site(s)
INFO     : - 0 In0 element(s) found with a total of 0 attC site
INFO     : Starting functional annotation ...:
INFO     : Writing out results for replicon NODE_54_length_324_cov_50.218274
INFO     : ############ Processing replicon NODE_55_length_294_cov_88.419162 (55/69) ############

INFO     : Starting Default search ... :
INFO     : Default search done... : 
INFO     : In replicon NODE_55_length_294_cov_88.419162, there are:
INFO     : - 0 complete integron(s) found with a total 0 attC site(s)
INFO     : - 0 CALIN element(s) found with a total of 0 attC site(s)
INFO     : - 0 In0 element(s) found with a total of 0 attC site
INFO     : Starting functional annotation ...:
INFO     : Writing out results for replicon NODE_55_length_294_cov_88.419162
INFO     : ############ Processing replicon NODE_56_length_277_cov_86.300000 (56/69) ############

INFO     : Starting Default search ... :
INFO     : Default search done... : 
INFO     : In replicon NODE_56_length_277_cov_86.300000, there are:
INFO     : - 0 complete integron(s) found with a total 0 attC site(s)
INFO     : - 0 CALIN element(s) found with a total of 0 attC site(s)
INFO     : - 0 In0 element(s) found with a total of 0 attC site
INFO     : Starting functional annotation ...:
INFO     : Writing out results for replicon NODE_56_length_277_cov_86.300000
INFO     : ############ Processing replicon NODE_57_length_255_cov_263.226562 (57/69) ############

INFO     : Starting Default search ... :
INFO     : Default search done... : 
INFO     : In replicon NODE_57_length_255_cov_263.226562, there are:
INFO     : - 0 complete integron(s) found with a total 0 attC site(s)
INFO     : - 0 CALIN element(s) found with a total of 0 attC site(s)
INFO     : - 0 In0 element(s) found with a total of 0 attC site
INFO     : Starting functional annotation ...:
INFO     : Writing out results for replicon NODE_57_length_255_cov_263.226562
INFO     : ############ Processing replicon NODE_58_length_255_cov_113.664062 (58/69) ############

INFO     : Starting Default search ... :
INFO     : Default search done... : 
INFO     : In replicon NODE_58_length_255_cov_113.664062, there are:
INFO     : - 0 complete integron(s) found with a total 0 attC site(s)
INFO     : - 0 CALIN element(s) found with a total of 0 attC site(s)
INFO     : - 0 In0 element(s) found with a total of 0 attC site
INFO     : Starting functional annotation ...:
INFO     : Writing out results for replicon NODE_58_length_255_cov_113.664062
INFO     : ############ Processing replicon NODE_59_length_255_cov_80.343750 (59/69) ############

INFO     : Starting Default search ... :
INFO     : Default search done... : 
INFO     : In replicon NODE_59_length_255_cov_80.343750, there are:
INFO     : - 0 complete integron(s) found with a total 0 attC site(s)
INFO     : - 0 CALIN element(s) found with a total of 0 attC site(s)
INFO     : - 0 In0 element(s) found with a total of 0 attC site
INFO     : Starting functional annotation ...:
INFO     : Writing out results for replicon NODE_59_length_255_cov_80.343750
INFO     : ############ Processing replicon NODE_60_length_255_cov_61.632812 (60/69) ############

INFO     : Starting Default search ... :
INFO     : Default search done... : 
INFO     : In replicon NODE_60_length_255_cov_61.632812, there are:
INFO     : - 0 complete integron(s) found with a total 0 attC site(s)
INFO     : - 0 CALIN element(s) found with a total of 0 attC site(s)
INFO     : - 0 In0 element(s) found with a total of 0 attC site
INFO     : Starting functional annotation ...:
INFO     : Writing out results for replicon NODE_60_length_255_cov_61.632812
INFO     : ############ Processing replicon NODE_61_length_255_cov_49.281250 (61/69) ############

INFO     : Starting Default search ... :
INFO     : Default search done... : 
INFO     : In replicon NODE_61_length_255_cov_49.281250, there are:
INFO     : - 0 complete integron(s) found with a total 0 attC site(s)
INFO     : - 0 CALIN element(s) found with a total of 0 attC site(s)
INFO     : - 0 In0 element(s) found with a total of 0 attC site
INFO     : Starting functional annotation ...:
INFO     : Writing out results for replicon NODE_61_length_255_cov_49.281250
INFO     : ############ Processing replicon NODE_62_length_255_cov_42.328125 (62/69) ############

INFO     : Starting Default search ... :
INFO     : Default search done... : 
INFO     : In replicon NODE_62_length_255_cov_42.328125, there are:
INFO     : - 0 complete integron(s) found with a total 0 attC site(s)
INFO     : - 0 CALIN element(s) found with a total of 0 attC site(s)
INFO     : - 0 In0 element(s) found with a total of 0 attC site
INFO     : Starting functional annotation ...:
INFO     : Writing out results for replicon NODE_62_length_255_cov_42.328125
INFO     : ############ Processing replicon NODE_63_length_255_cov_34.296875 (63/69) ############

INFO     : Starting Default search ... :
INFO     : Default search done... : 
INFO     : In replicon NODE_63_length_255_cov_34.296875, there are:
INFO     : - 0 complete integron(s) found with a total 0 attC site(s)
INFO     : - 0 CALIN element(s) found with a total of 0 attC site(s)
INFO     : - 0 In0 element(s) found with a total of 0 attC site
INFO     : Starting functional annotation ...:
INFO     : Writing out results for replicon NODE_63_length_255_cov_34.296875
INFO     : ############ Processing replicon NODE_64_length_250_cov_78.959350 (64/69) ############

INFO     : Starting Default search ... :
INFO     : Default search done... : 
INFO     : In replicon NODE_64_length_250_cov_78.959350, there are:
INFO     : - 0 complete integron(s) found with a total 0 attC site(s)
INFO     : - 0 CALIN element(s) found with a total of 0 attC site(s)
INFO     : - 0 In0 element(s) found with a total of 0 attC site
INFO     : Starting functional annotation ...:
INFO     : Writing out results for replicon NODE_64_length_250_cov_78.959350
INFO     : ############ Processing replicon NODE_65_length_249_cov_36.786885 (65/69) ############

INFO     : Starting Default search ... :
INFO     : Default search done... : 
INFO     : In replicon NODE_65_length_249_cov_36.786885, there are:
INFO     : - 0 complete integron(s) found with a total 0 attC site(s)
INFO     : - 0 CALIN element(s) found with a total of 0 attC site(s)
INFO     : - 0 In0 element(s) found with a total of 0 attC site
INFO     : Starting functional annotation ...:
INFO     : Writing out results for replicon NODE_65_length_249_cov_36.786885
INFO     : ############ Processing replicon NODE_66_length_241_cov_55.631579 (66/69) ############

INFO     : Starting Default search ... :
INFO     : Default search done... : 
INFO     : In replicon NODE_66_length_241_cov_55.631579, there are:
INFO     : - 0 complete integron(s) found with a total 0 attC site(s)
INFO     : - 0 CALIN element(s) found with a total of 0 attC site(s)
INFO     : - 0 In0 element(s) found with a total of 0 attC site
INFO     : Starting functional annotation ...:
INFO     : Writing out results for replicon NODE_66_length_241_cov_55.631579
INFO     : ############ Processing replicon NODE_67_length_238_cov_102.918919 (67/69) ############

INFO     : Starting Default search ... :
INFO     : Default search done... : 
INFO     : In replicon NODE_67_length_238_cov_102.918919, there are:
INFO     : - 0 complete integron(s) found with a total 0 attC site(s)
INFO     : - 0 CALIN element(s) found with a total of 0 attC site(s)
INFO     : - 0 In0 element(s) found with a total of 0 attC site
INFO     : Starting functional annotation ...:
INFO     : Writing out results for replicon NODE_67_length_238_cov_102.918919
INFO     : ############ Processing replicon NODE_68_length_232_cov_84.447619 (68/69) ############

INFO     : Starting Default search ... :
INFO     : Default search done... : 
INFO     : In replicon NODE_68_length_232_cov_84.447619, there are:
INFO     : - 0 complete integron(s) found with a total 0 attC site(s)
INFO     : - 0 CALIN element(s) found with a total of 0 attC site(s)
INFO     : - 0 In0 element(s) found with a total of 0 attC site
INFO     : Starting functional annotation ...:
INFO     : Writing out results for replicon NODE_68_length_232_cov_84.447619
INFO     : ############ Processing replicon NODE_69_length_221_cov_195.223404 (69/69) ############

INFO     : Starting Default search ... :
INFO     : Default search done... : 
INFO     : In replicon NODE_69_length_221_cov_195.223404, there are:
INFO     : - 0 complete integron(s) found with a total 0 attC site(s)
INFO     : - 0 CALIN element(s) found with a total of 0 attC site(s)
INFO     : - 0 In0 element(s) found with a total of 0 attC site
INFO     : Starting functional annotation ...:
INFO     : Writing out results for replicon NODE_69_length_221_cov_195.223404
INFO     : Merging integrons results.

