Name	Protein id	Contig id	Start	Stop	Strand	Element symbol	Element name	Scope	Type	Subtype	Class	Subclass	Method	Target length	Reference sequence length	% Coverage of reference	% Identity to reference	Alignment length	Closest reference accession	Closest reference name	HMM accession	HMM description
CB521_filtered_contigs	NA	NODE_13_length_71237_cov_59.959134	20833	21795	+	iutA	ABC-type iron uptake system periplasmic component	core	IRON_UPTAKE_SYSTEM	IRON_UPTAKE_SYSTEM	iutABCDE	iutABCDE	EXACTX	321	321	100.00	100.00	321	0|AEX68809.1	ABC-type iron uptake system periplasmic component	NA	NA
CB521_filtered_contigs	NA	NODE_13_length_71237_cov_59.959134	21897	22628	+	iutB	ABC-type iron uptake system ATP-binding protein	core	IRON_UPTAKE_SYSTEM	IRON_UPTAKE_SYSTEM	iutABCDE	iutABCDE	EXACTX	244	244	100.00	100.00	244	0|AEX68810.1	ABC-type iron uptake system ATP-binding protein	NA	NA
CB521_filtered_contigs	NA	NODE_13_length_71237_cov_59.959134	22799	23524	+	iutC	ABC-type iron uptake system membrane protein	core	IRON_UPTAKE_SYSTEM	IRON_UPTAKE_SYSTEM	iutABCDE	iutABCDE	EXACTX	242	242	100.00	100.00	242	0|AEX68811.1	ABC-type iron uptake system membrane protein	NA	NA
CB521_filtered_contigs	NA	NODE_13_length_71237_cov_59.959134	23524	24372	+	iutD	ABC-type iron uptake system membrane protein	core	IRON_UPTAKE_SYSTEM	IRON_UPTAKE_SYSTEM	iutABCDE	iutABCDE	EXACTX	283	283	100.00	100.00	283	0|AEX68812.1	ABC-type iron uptake system membrane protein	NA	NA
CB521_filtered_contigs	NA	NODE_13_length_71237_cov_59.959134	24459	25517	+	iutE	ABC-type iron uptake system substrate-binding protein	core	IRON_UPTAKE_SYSTEM	IRON_UPTAKE_SYSTEM	iutABCDE	iutABCDE	BLASTX	353	345	100.00	97.45	353	0|AEX68813.1	ABC-type iron uptake system substrate-binding protein	NA	NA
CB521_filtered_contigs	NA	NODE_13_length_71237_cov_59.959134	51266	51772	-	rbp-like	Ribosome binding protein like	plus	VIRULENCE	VIRULENCE	OTHER_TOXINS	OTHER_TOXINS	INTERNAL_STOP	169	229	79.91	85.79	183	372114090|AEX80148.1	Ribosome binding protein like	NA	NA
CB521_filtered_contigs	NA	NODE_14_length_58074_cov_57.100592	6211	7005	-	iusE	ABC-type iron uptake system ATP-binding protein	core	IRON_UPTAKE_SYSTEM	IRON_UPTAKE_SYSTEM	iusABCDE	iusABCDE	EXACTX	265	265	100.00	100.00	265	0|AEX70837.1	ABC-type iron uptake system ATP-binding protein	NA	NA
CB521_filtered_contigs	NA	NODE_14_length_58074_cov_57.100592	7012	7887	-	iusD	ABC-type iron uptake system periplasmic component	core	IRON_UPTAKE_SYSTEM	IRON_UPTAKE_SYSTEM	iusABCDE	iusABCDE	EXACTX	292	292	100.00	100.00	292	0|AEX70838.1	ABC-type iron uptake system periplasmic component	NA	NA
CB521_filtered_contigs	NA	NODE_14_length_58074_cov_57.100592	7902	8933	-	iusC	ABC-type iron uptake system permease protein	core	IRON_UPTAKE_SYSTEM	IRON_UPTAKE_SYSTEM	iusABCDE	iusABCDE	BLASTX	344	344	100.00	99.71	344	0|AEX70839.1	ABC-type iron uptake system permease protein	NA	NA
CB521_filtered_contigs	NA	NODE_14_length_58074_cov_57.100592	8936	9367	-	iusB	ABC-type iron uptake system permease protein	core	IRON_UPTAKE_SYSTEM	IRON_UPTAKE_SYSTEM	iusABCDE	iusABCDE	EXACTX	144	144	100.00	100.00	144	0|AEX70840.1	ABC-type iron uptake system permease protein	NA	NA
CB521_filtered_contigs	NA	NODE_14_length_58074_cov_57.100592	9396	10007	-	iusA	ABC-type iron uptake system permease protein	core	IRON_UPTAKE_SYSTEM	IRON_UPTAKE_SYSTEM	iusABCDE	iusABCDE	EXACTX	204	204	100.00	100.00	204	0|AEX70841.1	ABC-type iron uptake system permease protein	NA	NA
CB521_filtered_contigs	NA	NODE_16_length_50330_cov_55.429715	7431	8282	+	sapD	Surface-anchored pilus proteins sapD	plus	ADHESIN	ADHESIN	SapADE_diphtheriae	SapADE_diphtheriae	BLASTX	284	284	100.00	97.18	284	0|WP_010934306.1	Surface-anchored pilus proteins sapD	NA	NA
CB521_filtered_contigs	NA	NODE_19_length_38118_cov_62.492011	27812	29215	-	ddpD	ABC-type peptide/nickel transporter ATP-binding protein	core	SIDEROPHORE	SIDEROPHORE	cdtQP-sidBA-ddpABCD	cdtQP-sidBA-ddpABCD	BLASTX	468	468	100.00	99.15	468	0|AEX70769.1	ABC-type peptide/nickel transporter ATP-binding protein	NA	NA
CB521_filtered_contigs	NA	NODE_19_length_38118_cov_62.492011	29215	30033	-	ddpC	ABC-type peptide/nickel transporter permease protein	core	SIDEROPHORE	SIDEROPHORE	cdtQP-sidBA-ddpABCD	cdtQP-sidBA-ddpABCD	BLASTX	273	273	100.00	99.63	273	0|AEX70768.1	ABC-type peptide/nickel transporter permease protein	NA	NA
CB521_filtered_contigs	NA	NODE_19_length_38118_cov_62.492011	30033	30983	-	ddpB	ABC-type peptide/nickel transporter permease protein	core	SIDEROPHORE	SIDEROPHORE	cdtQP-sidBA-ddpABCD	cdtQP-sidBA-ddpABCD	BLASTX	317	317	100.00	98.42	317	0|AEX70767.1	ABC-type peptide/nickel transporter permease protein	NA	NA
CB521_filtered_contigs	NA	NODE_19_length_38118_cov_62.492011	30999	32495	-	ddpA	ABC-type peptide transporter solute-binding protein	core	SIDEROPHORE	SIDEROPHORE	cdtQP-sidBA-ddpABCD	cdtQP-sidBA-ddpABCD	BLASTX	499	499	100.00	99.20	499	0|AEX70766.1	ABC-type peptide transporter solute-binding protein	NA	NA
CB521_filtered_contigs	NA	NODE_19_length_38118_cov_62.492011	33804	35582	+	cdtP	ABC transport protein ATP-binding/permease protein	core	SIDEROPHORE	SIDEROPHORE	cdtQP-sidBA-ddpABCD	cdtQP-sidBA-ddpABCD	BLASTX	593	593	100.00	99.16	593	0|AEX70763.1	ABC transport protein ATP-binding/permease protein	NA	NA
CB521_filtered_contigs	NA	NODE_19_length_38118_cov_62.492011	35588	37339	+	cdtQ	ABC transport protein ATP-binding/permease protein	core	SIDEROPHORE	SIDEROPHORE	cdtQP-sidBA-ddpABCD	cdtQP-sidBA-ddpABCD	BLASTX	584	584	100.00	98.63	584	0|AEX70762.1	ABC transport protein ATP-binding/permease protein	NA	NA
CB521_filtered_contigs	NA	NODE_1_length_310358_cov_49.718287	606	3566	-	DIP0733	UPF0182 family protein	core	ADHESIN	ADHESIN	VIRULENCE/ADHESIN	VIRULENCE/ADHESIN	BLASTX	987	987	100.00	99.39	987	499236975|WP_010934515.1	UPF0182 family protein	NA	NA
CB521_filtered_contigs	NA	NODE_1_length_310358_cov_49.718287	111073	112089	-	htaB	Membrane protein	core	HEME_BINDING_EXTRACTION_AND_IMPORT	HEME_BINDING_EXTRACTION_AND_IMPORT	htaA-hmuTUV-htaBC	htaA-hmuTUV-htaBC	BLASTX	339	339	100.00	99.41	339	0|AEX66778.1	Membrane protein	NA	NA
CB521_filtered_contigs	NA	NODE_1_length_310358_cov_49.718287	112279	113109	-	hmuV	Iron-related transport system ATP-binding protein	core	HEME_BINDING_EXTRACTION_AND_IMPORT	HEME_BINDING_EXTRACTION_AND_IMPORT	htaA-hmuTUV-htaBC	htaA-hmuTUV-htaBC	EXACTX	277	277	100.00	100.00	277	0|AEX66777.1	Iron-related transport system ATP-binding protein	NA	NA
CB521_filtered_contigs	NA	NODE_1_length_310358_cov_49.718287	113133	114182	-	hmuU	Iron-related transport system membrane protein	core	HEME_BINDING_EXTRACTION_AND_IMPORT	HEME_BINDING_EXTRACTION_AND_IMPORT	htaA-hmuTUV-htaBC	htaA-hmuTUV-htaBC	BLASTX	350	350	100.00	99.43	350	0|AEX66776.1	Iron-related transport system membrane protein	NA	NA
CB521_filtered_contigs	NA	NODE_1_length_310358_cov_49.718287	114169	115227	-	hmuT	Iron-related transport system receptor precursor protein	core	HEME_BINDING_EXTRACTION_AND_IMPORT	HEME_BINDING_EXTRACTION_AND_IMPORT	htaA-hmuTUV-htaBC	htaA-hmuTUV-htaBC	BLASTX	353	353	100.00	99.15	353	0|AEX66775.1	Iron-related transport system receptor precursor protein	NA	NA
CB521_filtered_contigs	NA	NODE_1_length_310358_cov_49.718287	115241	116311	-	htaA	Cell-surface hemin receptor; nonfunctional due to frameshift	core	HEME_BINDING_EXTRACTION_AND_IMPORT	HEME_BINDING_EXTRACTION_AND_IMPORT	htaA-hmuTUV-htaBC	htaA-hmuTUV-htaBC	PARTIALX	357	591	60.74	94.43	359	0|CAE49142.1	Cell-surface hemin receptor; nonfunctional due to frameshift	NA	NA
CB521_filtered_contigs	NA	NODE_1_length_310358_cov_49.718287	117309	117611	+	htaC	Cell-surface hemin receptor	core	HEME_BINDING_EXTRACTION_AND_IMPORT	HEME_BINDING_EXTRACTION_AND_IMPORT	htaA-hmuTUV-htaBC	htaA-hmuTUV-htaBC	BLASTX	101	102	99.02	100.00	101	0|AEX66774.1	Cell-surface hemin receptor	NA	NA
CB521_filtered_contigs	NA	NODE_1_length_310358_cov_49.718287	151672	152124	-	ciuG	Conserved membrane protein	core	SIDEROPHORE	SIDEROPHORE	ciuEFG	ciuEFG	BLASTX	151	151	100.00	97.35	151	0|AEX66742.1	Conserved membrane protein	NA	NA
CB521_filtered_contigs	NA	NODE_1_length_310358_cov_49.718287	152133	153359	-	ciuF	Major facilitator transporter	core	SIDEROPHORE	SIDEROPHORE	ciuEFG	ciuEFG	BLASTX	409	409	100.00	98.29	409	0|AEX66741.1	Major facilitator transporter	NA	NA
CB521_filtered_contigs	NA	NODE_1_length_310358_cov_49.718287	153409	156723	-	ciuE	Putative siderophore biosynthesis related protein	core	SIDEROPHORE	SIDEROPHORE	ciuEFG	ciuEFG	BLASTX	1105	1107	99.82	97.19	1105	0|AEX66740.1	Putative siderophore biosynthesis related protein	NA	NA
CB521_filtered_contigs	NA	NODE_1_length_310358_cov_49.718287	156748	157557	-	ciuD	Putative iron transport system ATP-binding protein	core	SIDEROPHORE	SIDEROPHORE	ciuABCD	ciuABCD	BLASTX	270	270	100.00	98.89	270	0|AEX66739.1	Putative iron transport system ATP-binding protein	NA	NA
CB521_filtered_contigs	NA	NODE_1_length_310358_cov_49.718287	157564	158544	-	ciuC	Putative iron transport system membrane protein	core	SIDEROPHORE	SIDEROPHORE	ciuABCD	ciuABCD	BLASTX	327	327	100.00	98.17	327	0|AEX66738.1	Putative iron transport system membrane protein	NA	NA
CB521_filtered_contigs	NA	NODE_1_length_310358_cov_49.718287	158547	159482	-	ciuB	Putative iron transport system membrane protein	core	SIDEROPHORE	SIDEROPHORE	ciuABCD	ciuABCD	EXACTX	312	312	100.00	100.00	312	0|AEX66737.1	Putative iron transport system membrane protein	NA	NA
CB521_filtered_contigs	NA	NODE_1_length_310358_cov_49.718287	159566	160459	-	ciuA	Putative iron transport system binding secreted protein	core	SIDEROPHORE	SIDEROPHORE	ciuABCD	ciuABCD	BLASTX	298	298	100.00	99.66	298	0|AEX66736.1	Putative iron transport system binding secreted protein	NA	NA
CB521_filtered_contigs	NA	NODE_1_length_310358_cov_49.718287	294402	298121	+	narG	Corynebacterium diphtheriae nitrate reductase subunit alpha narG	plus	MOLECULAR_BIOVAR	MOLECULAR_BIOVAR	narG	narG	BLASTX	1240	1240	100.00	94.11	1240	499236802|WP_010934342.1	Corynebacterium diphtheriae nitrate reductase subunit alpha narG	NA	NA
CB521_filtered_contigs	NA	NODE_1_length_310358_cov_49.718287	298124	299722	+	narH	Corynebacterium diphtheriae nitrate reductase subunit beta narH	plus	MOLECULAR_BIOVAR	MOLECULAR_BIOVAR	narIJHK	narIJHK	BLASTX	533	533	100.00	91.74	533	490703387|WP_004566788.1	Corynebacterium diphtheriae nitrate reductase subunit beta narH	NA	NA
CB521_filtered_contigs	NA	NODE_22_length_36100_cov_57.614433	3965	4591	+	irp2N	Maltose O-acetyltransferase	core	IRON_UPTAKE_SYSTEM	IRON_UPTAKE_SYSTEM	irp2JKLMN	irp2JKLMN	EXACTX	209	209	100.00	100.00	209	0|AEX68240.1	Maltose O-acetyltransferase	NA	NA
CB521_filtered_contigs	NA	NODE_22_length_36100_cov_57.614433	4641	5816	+	irp2M	Sterol 3-beta-glucosyltransferase	core	IRON_UPTAKE_SYSTEM	IRON_UPTAKE_SYSTEM	irp2JKLMN	irp2JKLMN	BLASTX	392	392	100.00	99.74	392	0|AEX68239.1	Sterol 3-beta-glucosyltransferase	NA	NA
CB521_filtered_contigs	NA	NODE_22_length_36100_cov_57.614433	5852	6598	+	irp2L	Thioesterase	core	IRON_UPTAKE_SYSTEM	IRON_UPTAKE_SYSTEM	irp2JKLMN	irp2JKLMN	EXACTX	249	249	100.00	100.00	249	0|AEX68238.1	Thioesterase	NA	NA
CB521_filtered_contigs	NA	NODE_22_length_36100_cov_57.614433	6629	8392	+	irp2K	Lipid A export ATP-binding/permease protein msbA	core	IRON_UPTAKE_SYSTEM	IRON_UPTAKE_SYSTEM	irp2JKLMN	irp2JKLMN	EXACTX	588	588	100.00	100.00	588	0|AEX68237.1	Lipid A export ATP-binding/permease protein msbA	NA	NA
CB521_filtered_contigs	NA	NODE_22_length_36100_cov_57.614433	8395	10116	+	irp2J	ATP-binding cassette subfamily C	core	IRON_UPTAKE_SYSTEM	IRON_UPTAKE_SYSTEM	irp2JKLMN	irp2JKLMN	BLASTX	574	574	100.00	99.65	574	0|AEX68236.1	ATP-binding cassette subfamily C	NA	NA
CB521_filtered_contigs	NA	NODE_22_length_36100_cov_57.614433	10126	11601	-	irp2I	ABC transporter ATP-binding protein	core	IRON_UPTAKE_SYSTEM	IRON_UPTAKE_SYSTEM	irp2ABCDEFGHI	irp2ABCDEFGHI	EXACTX	492	492	100.00	100.00	492	0|AEX68235.1	ABC transporter ATP-binding protein	NA	NA
CB521_filtered_contigs	NA	NODE_22_length_36100_cov_57.614433	11601	12344	-	irp2H	Cobalt transport protein	core	IRON_UPTAKE_SYSTEM	IRON_UPTAKE_SYSTEM	irp2ABCDEFGHI	irp2ABCDEFGHI	EXACTX	248	248	100.00	100.00	248	0|AEX68234.1	Cobalt transport protein	NA	NA
CB521_filtered_contigs	NA	NODE_22_length_36100_cov_57.614433	12347	12970	-	irp2G	Putative membrane protein	core	IRON_UPTAKE_SYSTEM	IRON_UPTAKE_SYSTEM	irp2ABCDEFGHI	irp2ABCDEFGHI	BLASTX	208	208	100.00	99.52	208	0|AEX68233.1	Putative membrane protein	NA	NA
CB521_filtered_contigs	NA	NODE_22_length_36100_cov_57.614433	13065	20633	-	irp2F	Putative siderophore biosynthetic protein	core	IRON_UPTAKE_SYSTEM	IRON_UPTAKE_SYSTEM	irp2ABCDEFGHI	irp2ABCDEFGHI	BLASTX	2523	2523	100.00	99.84	2523	0|AEX68232.1	Putative siderophore biosynthetic protein	NA	NA
CB521_filtered_contigs	NA	NODE_22_length_36100_cov_57.614433	20649	22277	-	irp2E	Siderophore biosynthetic protein	core	IRON_UPTAKE_SYSTEM	IRON_UPTAKE_SYSTEM	irp2ABCDEFGHI	irp2ABCDEFGHI	EXACTX	543	543	100.00	100.00	543	0|AEX68231.1	Siderophore biosynthetic protein	NA	NA
CB521_filtered_contigs	NA	NODE_22_length_36100_cov_57.614433	22277	22882	-	irp2D	Hypothetical protein	core	IRON_UPTAKE_SYSTEM	IRON_UPTAKE_SYSTEM	irp2ABCDEFGHI	irp2ABCDEFGHI	BLASTX	202	202	100.00	99.50	202	0|AEX68230.1	Hypothetical protein	NA	NA
CB521_filtered_contigs	NA	NODE_22_length_36100_cov_57.614433	22878	28409	-	irp2C	Putative siderophore biosynthetic protein	core	IRON_UPTAKE_SYSTEM	IRON_UPTAKE_SYSTEM	irp2ABCDEFGHI	irp2ABCDEFGHI	BLASTX	1844	1844	100.00	99.89	1844	0|AEX68229.1	Putative siderophore biosynthetic protein	NA	NA
CB521_filtered_contigs	NA	NODE_22_length_36100_cov_57.614433	28394	29536	-	irp2B	Hypothetical protein	core	IRON_UPTAKE_SYSTEM	IRON_UPTAKE_SYSTEM	irp2ABCDEFGHI	irp2ABCDEFGHI	BLASTX	381	381	100.00	99.74	381	0|AEX68228.1	Hypothetical protein	NA	NA
CB521_filtered_contigs	NA	NODE_22_length_36100_cov_57.614433	29582	30661	-	irp2A	DtxR/iron regulated protein 2	core	IRON_UPTAKE_SYSTEM	IRON_UPTAKE_SYSTEM	irp2ABCDEFGHI	irp2ABCDEFGHI	EXACTX	360	360	100.00	100.00	360	0|AEX68227.1	DtxR/iron regulated protein 2	NA	NA
CB521_filtered_contigs	NA	NODE_24_length_30922_cov_42.820783	13559	15274	-	DIP1281	Putative invasion protein	core	ADHESIN	ADHESIN	VIRULENCE/ADHESIN	VIRULENCE/ADHESIN	EXACTX	572	572	100.00	100.00	572	306408133|BAJ16536.1	Putative invasion protein	NA	NA
CB521_filtered_contigs	NA	NODE_27_length_29637_cov_61.209929	7445	8287	-	irp1D	ABC-type Fe3+-siderophore transport system, ATP-binding protein	core	IRON_UPTAKE_SYSTEM	IRON_UPTAKE_SYSTEM	irp1ABCD	irp1ABCD	BLASTX	281	281	100.00	98.93	281	0|AEX70740.1	ABC-type Fe3+-siderophore transport system, ATP-binding protein	NA	NA
CB521_filtered_contigs	NA	NODE_27_length_29637_cov_61.209929	8300	9352	-	irp1C	ABC-type Fe3+-siderophore transport system, permease component	core	IRON_UPTAKE_SYSTEM	IRON_UPTAKE_SYSTEM	irp1ABCD	irp1ABCD	BLASTX	351	351	100.00	99.72	351	0|AEX70741.1	ABC-type Fe3+-siderophore transport system, permease component	NA	NA
CB521_filtered_contigs	NA	NODE_27_length_29637_cov_61.209929	9352	10269	-	irp1B	ABC-type Fe3+-siderophore transport system, permease component	core	IRON_UPTAKE_SYSTEM	IRON_UPTAKE_SYSTEM	irp1ABCD	irp1ABCD	BLASTX	306	306	100.00	98.69	306	0|AEX70742.1	ABC-type Fe3+-siderophore transport system, permease component	NA	NA
CB521_filtered_contigs	NA	NODE_27_length_29637_cov_61.209929	10386	11450	-	irp1A	ABC-type Fe3+-hydroxamate transport system, periplasmic component	core	IRON_UPTAKE_SYSTEM	IRON_UPTAKE_SYSTEM	irp1ABCD	irp1ABCD	BLASTX	355	355	100.00	99.72	355	0|AEX70743.1	ABC-type Fe3+-hydroxamate transport system, periplasmic component	NA	NA
CB521_filtered_contigs	NA	NODE_28_length_25764_cov_47.401256	18461	19192	-	DIP1880	MdbA thioredoxin domain-containing protein	core	ADHESIN	ADHESIN	VIRULENCE/ADHESIN	VIRULENCE/ADHESIN	BLASTX	244	244	100.00	97.13	244	499237859|WP_010935399.1	MdbA thioredoxin domain-containing protein	NA	NA
CB521_filtered_contigs	NA	NODE_2_length_280111_cov_37.907213	247861	248679	-	frgC	Putative iron-siderophore uptake system ATP-binding component	core	IRON_UPTAKE_SYSTEM	IRON_UPTAKE_SYSTEM	frgCBAD	frgCBAD	BLASTX	273	273	100.00	98.90	273	0|CAE49580.1	Putative iron-siderophore uptake system ATP-binding component	NA	NA
CB521_filtered_contigs	NA	NODE_2_length_280111_cov_37.907213	248679	249635	-	frgB	Putative iron-siderophore uptake system transmembrane component	core	IRON_UPTAKE_SYSTEM	IRON_UPTAKE_SYSTEM	frgCBAD	frgCBAD	BLASTX	319	319	100.00	99.69	319	0|CAE49582.1	Putative iron-siderophore uptake system transmembrane component	NA	NA
CB521_filtered_contigs	NA	NODE_2_length_280111_cov_37.907213	249640	250644	-	frgA	Putative iron-siderophore uptake system transmembrane component	core	IRON_UPTAKE_SYSTEM	IRON_UPTAKE_SYSTEM	frgCBAD	frgCBAD	BLASTX	335	335	100.00	99.70	335	0|CAE49584.1	Putative iron-siderophore uptake system transmembrane component	NA	NA
CB521_filtered_contigs	NA	NODE_2_length_280111_cov_37.907213	250692	251732	+	frgD	Putative iron-siderophore uptake system exported solute-binding component	core	IRON_UPTAKE_SYSTEM	IRON_UPTAKE_SYSTEM	frgCBAD	frgCBAD	BLASTX	347	347	100.00	98.85	347	0|CAE49585.1	Putative iron-siderophore uptake system exported solute-binding component	NA	NA
CB521_filtered_contigs	NA	NODE_3_length_225654_cov_48.577372	6626	7303	+	dtxR_diphtheriae	Corynebacterium diphtheriae diphtheria toxin repressor DtxR	plus	REGULATOR	REGULATOR	REPRESSOR	METAL_ION-REGULATED	BLASTX	226	226	100.00	99.12	226	38200261|CAE49945.1	Corynebacterium diphtheriae diphtheria toxin repressor DtxR	NA	NA
CB521_filtered_contigs	NA	NODE_3_length_225654_cov_48.577372	139126	139836	-	DIP1546	Conserved hypothetical protein	core	ADHESIN	ADHESIN	VIRULENCE/ADHESIN	VIRULENCE/ADHESIN	EXACTX	237	237	100.00	100.00	237	0|CAE50071.1	Conserved hypothetical protein	NA	NA
CB521_filtered_contigs	NA	NODE_3_length_225654_cov_48.577372	208361	209566	+	DIP0354	Corynebacterium diphtheriae spuA-associated gene cluster DIP0354	plus	MOLECULAR_BIOVAR	MOLECULAR_BIOVAR	SpuA-CLUSTER	SpuA-CLUSTER	BLASTX	402	402	100.00	98.76	402	504067577|WP_014301571.1	Corynebacterium diphtheriae spuA-associated gene cluster DIP0354	NA	NA
CB521_filtered_contigs	NA	NODE_3_length_225654_cov_48.577372	223142	224152	-	DIP1621	Putative secreted protein	core	ADHESIN	ADHESIN	VIRULENCE/ADHESIN	VIRULENCE/ADHESIN	BLASTX	337	337	100.00	99.70	337	38200458|CAE50146.1	Putative secreted protein	NA	NA
CB521_filtered_contigs	NA	NODE_4_length_160632_cov_51.234180	31671	32315	-	hmuO	Heme oxygenase	core	HEME_BINDING_EXTRACTION_AND_IMPORT	HEME_BINDING_EXTRACTION_AND_IMPORT	hmuO	hmuO	BLASTX	215	215	100.00	98.14	215	0|CAE50198.1	Heme oxygenase	NA	NA
CB521_filtered_contigs	NA	NODE_9_length_81831_cov_63.625428	49756	50940	+	irp6A	Ferrisiderophore receptor Irp6A	core	SIDEROPHORE	SIDEROPHORE	irp6ABC	irp6ABC	BLASTX	395	395	100.00	96.71	395	0|CAE48612.1	Ferrisiderophore receptor Irp6A	NA	NA
CB521_filtered_contigs	NA	NODE_9_length_81831_cov_63.625428	50944	51984	+	irp6B	Membrane protein permease Irp6B	core	SIDEROPHORE	SIDEROPHORE	irp6ABC	irp6ABC	BLASTX	347	347	100.00	98.27	347	0|CAE48613.1	Membrane protein permease Irp6B	NA	NA
CB521_filtered_contigs	NA	NODE_9_length_81831_cov_63.625428	51989	52744	+	irp6C	ATP-binding protein Irp6C	core	SIDEROPHORE	SIDEROPHORE	irp6ABC	irp6ABC	BLASTX	252	252	100.00	99.60	252	0|CAE48614.1	ATP-binding protein Irp6C	NA	NA
