IQ-TREE multicore version 2.1.2 COVID-edition for Linux 64-bit built Oct 22 2020
Developed by Bui Quang Minh, James Barbetti, Nguyen Lam Tung,
Olga Chernomor, Heiko Schmidt, Dominik Schrempf, Michael Woodhams.

Host:    2d45abe77e16 (AVX512, FMA3, 62 GB RAM)
Command: iqtree2 -s /mnt/miniwdl_task_container/work/_miniwdl_inputs/0/core_gene_alignment.aln -m GTR+G -B 1000 -T 4 --prefix CA_run
Seed:    271398 (Using SPRNG - Scalable Parallel Random Number Generator)
Time:    Wed Aug  5 08:13:29 2026
Kernel:  AVX+FMA - 4 threads (40 CPU cores detected)

Reading alignment file /mnt/miniwdl_task_container/work/_miniwdl_inputs/0/core_gene_alignment.aln ... Fasta format detected
Alignment most likely contains DNA/RNA sequences
Alignment has 6 sequences with 273434 columns, 564 distinct patterns
19574 parsimony-informative, 5513 singleton sites, 248347 constant sites
          Gap/Ambiguity  Composition  p-value
   1  CA110357    2.47%    passed     52.83%
   2  CA114720    1.83%    failed      0.91%
   3  CA139575    2.06%    passed     29.84%
   4  CA140404    3.07%    failed      1.71%
   5  CA140705    2.54%    passed     39.21%
   6  CA140717    2.52%    passed     55.52%
****  TOTAL       2.42%  2 sequences failed composition chi2 test (p-value<5%; df=3)
NOTE: minimal branch length is reduced to 0.000000365719 for long alignment

Create initial parsimony tree by phylogenetic likelihood library (PLL)... 0.003 seconds
Generating 1000 samples for ultrafast bootstrap (seed: 271398)...

NOTE: 2 MB RAM (0 GB) is required!
Estimate model parameters (epsilon = 0.100)
1. Initial log-likelihood: -510511.095
2. Current log-likelihood: -501653.889
3. Current log-likelihood: -501335.241
4. Current log-likelihood: -501281.515
5. Current log-likelihood: -501273.897
6. Current log-likelihood: -501273.543
Optimal log-likelihood: -501273.516
Rate parameters:  A-C: 1.77443  A-G: 5.94456  A-T: 2.08045  C-G: 0.83851  C-T: 13.92807  G-T: 1.00000
Base frequencies:  A: 0.354  C: 0.138  G: 0.201  T: 0.307
Gamma shape alpha: 0.020
Parameters optimization took 6 rounds (0.083 sec)
Computing ML distances based on estimated model parameters...
Computing ML distances took 0.000232 sec (of wall-clock time) 0.000934 sec(of CPU time)
WARNING: Some pairwise ML distances are too long (saturated)
Computing RapidNJ tree took 0.000160 sec (of wall-clock time) 0.000160 sec (of CPU time)
Log-likelihood of RapidNJ tree: -501273.516
--------------------------------------------------------------------
|             INITIALIZING CANDIDATE TREE SET                      |
--------------------------------------------------------------------
Generating 99 parsimony trees... 0.452 second
Computing log-likelihood of 6 initial trees ... 0.004 seconds
Current best score: -501273.516

Do NNI search on 7 best initial trees
Finish initializing candidate tree set (7)
Current best tree score: -501273.516 / CPU time: 0.504
Number of iterations: 7
--------------------------------------------------------------------
|               OPTIMIZING CANDIDATE TREE SET                      |
--------------------------------------------------------------------
Iteration 10 / LogL: -501459.641 / Time: 0h:0m:0s
UPDATE BEST LOG-LIKELIHOOD: -501273.516
Iteration 20 / LogL: -501286.240 / Time: 0h:0m:0s
Iteration 30 / LogL: -501281.991 / Time: 0h:0m:0s (0h:0m:2s left)
Iteration 40 / LogL: -501607.678 / Time: 0h:0m:0s (0h:0m:1s left)
Iteration 50 / LogL: -501608.167 / Time: 0h:0m:1s (0h:0m:1s left)
Log-likelihood cutoff on original alignment: -501285.228
Iteration 60 / LogL: -501273.516 / Time: 0h:0m:1s (0h:0m:0s left)
Iteration 70 / LogL: -501607.678 / Time: 0h:0m:1s (0h:0m:0s left)
Iteration 80 / LogL: -501290.748 / Time: 0h:0m:1s (0h:0m:0s left)
Iteration 90 / LogL: -501273.793 / Time: 0h:0m:1s (0h:0m:0s left)
Iteration 100 / LogL: -501285.019 / Time: 0h:0m:1s (0h:0m:0s left)
Log-likelihood cutoff on original alignment: -501285.019
NOTE: Bootstrap correlation coefficient of split occurrence frequencies: 1.000
TREE SEARCH COMPLETED AFTER 101 ITERATIONS / Time: 0h:0m:1s

--------------------------------------------------------------------
|                    FINALIZING TREE SEARCH                        |
--------------------------------------------------------------------
Performs final model parameters optimization
Estimate model parameters (epsilon = 0.010)
1. Initial log-likelihood: -501273.516
2. Current log-likelihood: -501273.500
Optimal log-likelihood: -501273.491
Rate parameters:  A-C: 1.77257  A-G: 5.93371  A-T: 2.08012  C-G: 0.83772  C-T: 13.93305  G-T: 1.00000
Base frequencies:  A: 0.354  C: 0.138  G: 0.201  T: 0.307
Gamma shape alpha: 0.020
Parameters optimization took 2 rounds (0.007 sec)
BEST SCORE FOUND : -501273.491
Creating bootstrap support values...
Split supports printed to NEXUS file CA_run.splits.nex
Total tree length: 0.137

Total number of iterations: 101
CPU time used for tree search: 5.766 sec (0h:0m:5s)
Wall-clock time used for tree search: 1.464 sec (0h:0m:1s)
Total CPU time used: 6.460 sec (0h:0m:6s)
Total wall-clock time used: 1.651 sec (0h:0m:1s)

Computing bootstrap consensus tree...
Reading input file CA_run.splits.nex...
6 taxa and 9 splits.
Consensus tree written to CA_run.contree
Reading input trees file CA_run.contree
Log-likelihood of consensus tree: -501273.491

Analysis results written to: 
  IQ-TREE report:                CA_run.iqtree
  Maximum-likelihood tree:       CA_run.treefile
  Likelihood distances:          CA_run.mldist

Ultrafast bootstrap approximation results written to:
  Split support values:          CA_run.splits.nex
  Consensus tree:                CA_run.contree
  Screen log file:               CA_run.log

Date and Time: Wed Aug  5 08:13:31 2026
