
**************************************************************************
 ___       _                               _____ _           _
|_ _|_ __ | |_ ___  __ _ _ __ ___  _ __   |  ___(_)_ __   __| | ___ _ __
 | || '_ \| __/ _ \/ _` | '__/ _ \| '_ \  | |_  | | '_ \ / _` |/ _ \ '__|
 | || | | | ||  __/ (_| | | | (_) | | | | |  _| | | | | | (_| |  __/ |
|___|_| |_|\__\___|\__, |_|  \___/|_| |_| |_|   |_|_| |_|\__,_|\___|_|
                   |___/

**************************************************************************

integron_finder version 2.0.6 
Using:
 - Python 3.10.19 | packaged by conda-forge | (main, Jan 26 2026, 23:45:08) [GCC 14.3.0]
 - numpy 2.2.6
 - pandas 2.3.3
 - matplolib 3.10.8
 - biopython 1.83

 - Prodigal V2.6.3: February, 2016
 - INFERNAL 1.1.4 (Dec 2020)
 - HMMER 3.3.2 (Nov 2020); http://hmmer.org/

Authors:
 - Jean Cury, Bertrand Neron, Eduardo Rocha,

Citation:

 Néron, B.; Littner, E.; Haudiquet, M.; Perrin, A.; Cury, J.; Rocha, E.P.C.
 IntegronFinder 2.0: Identification and Analysis of Integrons across Bacteria, with a Focus on Antibiotic Resistance in Klebsiella.
 Microorganisms 2022, 10, 700. https://doi.org/10.3390/microorganisms10040700

 If you use --func-annot in conjunction with file NCBIfam-AMRFinder.hmm please also cite

 Haft, DH et al., Nucleic Acids Res. 2018 Jan 4;46(D1):D851-D860
 PMID: 29112715
 

                     =======================

integron_finder is free software: you can redistribute it and/or modify
it under the terms of the GNU General Public License as published by
the Free Software Foundation, either version 3 of the License, or
(at your option) any later version.

integron_finder is distributed in the hope that it will be useful,
but WITHOUT ANY WARRANTY; without even the implied warranty of
MERCHANTABILITY or FITNESS FOR A PARTICULAR PURPOSE. See the
GNU General Public License for more details.

You should have received a copy of the GNU General Public License
along with this program (COPYING file).
If not, see <http://www.gnu.org/licenses/>.

                     =======================

command used: integron_finder --cpu 16 --outdir results/ --gbk --func-annot --mute /mnt/miniwdl_task_container/work/_miniwdl_inputs/0/CB527_filtered_contigs.fasta

                     =======================

[0m
INFO     : ############ Processing replicon NODE_1_length_202350_cov_25.575835 (1/64) ############

INFO     : Starting Default search ... :
INFO     : Default search done... : 
INFO     : In replicon NODE_1_length_202350_cov_25.575835, there are:
INFO     : - 0 complete integron(s) found with a total 0 attC site(s)
INFO     : - 0 CALIN element(s) found with a total of 0 attC site(s)
INFO     : - 0 In0 element(s) found with a total of 0 attC site
INFO     : Starting functional annotation ...:
INFO     : Writing out results for replicon NODE_1_length_202350_cov_25.575835
INFO     : ############ Processing replicon NODE_2_length_198074_cov_23.142725 (2/64) ############

INFO     : Starting Default search ... :
INFO     : Default search done... : 
INFO     : In replicon NODE_2_length_198074_cov_23.142725, there are:
INFO     : - 0 complete integron(s) found with a total 0 attC site(s)
INFO     : - 0 CALIN element(s) found with a total of 0 attC site(s)
INFO     : - 0 In0 element(s) found with a total of 0 attC site
INFO     : Starting functional annotation ...:
INFO     : Writing out results for replicon NODE_2_length_198074_cov_23.142725
INFO     : ############ Processing replicon NODE_3_length_163042_cov_34.251561 (3/64) ############

INFO     : Starting Default search ... :
INFO     : Default search done... : 
INFO     : In replicon NODE_3_length_163042_cov_34.251561, there are:
INFO     : - 0 complete integron(s) found with a total 0 attC site(s)
INFO     : - 0 CALIN element(s) found with a total of 0 attC site(s)
INFO     : - 0 In0 element(s) found with a total of 0 attC site
INFO     : Starting functional annotation ...:
INFO     : Writing out results for replicon NODE_3_length_163042_cov_34.251561
INFO     : ############ Processing replicon NODE_4_length_124964_cov_29.075795 (4/64) ############

INFO     : Starting Default search ... :
INFO     : Default search done... : 
INFO     : In replicon NODE_4_length_124964_cov_29.075795, there are:
INFO     : - 0 complete integron(s) found with a total 0 attC site(s)
INFO     : - 0 CALIN element(s) found with a total of 0 attC site(s)
INFO     : - 0 In0 element(s) found with a total of 0 attC site
INFO     : Starting functional annotation ...:
INFO     : Writing out results for replicon NODE_4_length_124964_cov_29.075795
INFO     : ############ Processing replicon NODE_5_length_117447_cov_31.063263 (5/64) ############

INFO     : Starting Default search ... :
INFO     : Default search done... : 
INFO     : In replicon NODE_5_length_117447_cov_31.063263, there are:
INFO     : - 0 complete integron(s) found with a total 0 attC site(s)
INFO     : - 0 CALIN element(s) found with a total of 0 attC site(s)
INFO     : - 0 In0 element(s) found with a total of 0 attC site
INFO     : Starting functional annotation ...:
INFO     : Writing out results for replicon NODE_5_length_117447_cov_31.063263
INFO     : ############ Processing replicon NODE_6_length_113241_cov_31.427268 (6/64) ############

INFO     : Starting Default search ... :
INFO     : Default search done... : 
INFO     : In replicon NODE_6_length_113241_cov_31.427268, there are:
INFO     : - 0 complete integron(s) found with a total 0 attC site(s)
INFO     : - 0 CALIN element(s) found with a total of 0 attC site(s)
INFO     : - 0 In0 element(s) found with a total of 0 attC site
INFO     : Starting functional annotation ...:
INFO     : Writing out results for replicon NODE_6_length_113241_cov_31.427268
INFO     : ############ Processing replicon NODE_7_length_112309_cov_33.860949 (7/64) ############

INFO     : Starting Default search ... :
INFO     : Default search done... : 
INFO     : In replicon NODE_7_length_112309_cov_33.860949, there are:
INFO     : - 0 complete integron(s) found with a total 0 attC site(s)
INFO     : - 0 CALIN element(s) found with a total of 0 attC site(s)
INFO     : - 0 In0 element(s) found with a total of 0 attC site
INFO     : Starting functional annotation ...:
INFO     : Writing out results for replicon NODE_7_length_112309_cov_33.860949
INFO     : ############ Processing replicon NODE_8_length_108091_cov_28.534011 (8/64) ############

INFO     : Starting Default search ... :
INFO     : Default search done... : 
INFO     : In replicon NODE_8_length_108091_cov_28.534011, there are:
INFO     : - 0 complete integron(s) found with a total 0 attC site(s)
INFO     : - 0 CALIN element(s) found with a total of 0 attC site(s)
INFO     : - 0 In0 element(s) found with a total of 0 attC site
INFO     : Starting functional annotation ...:
INFO     : Writing out results for replicon NODE_8_length_108091_cov_28.534011
INFO     : ############ Processing replicon NODE_9_length_104150_cov_36.703210 (9/64) ############

INFO     : Starting Default search ... :
INFO     : Default search done... : 
INFO     : In replicon NODE_9_length_104150_cov_36.703210, there are:
INFO     : - 0 complete integron(s) found with a total 0 attC site(s)
INFO     : - 0 CALIN element(s) found with a total of 0 attC site(s)
INFO     : - 0 In0 element(s) found with a total of 0 attC site
INFO     : Starting functional annotation ...:
INFO     : Writing out results for replicon NODE_9_length_104150_cov_36.703210
INFO     : ############ Processing replicon NODE_10_length_101039_cov_30.449124 (10/64) ############

INFO     : Starting Default search ... :
INFO     : Default search done... : 
INFO     : In replicon NODE_10_length_101039_cov_30.449124, there are:
INFO     : - 0 complete integron(s) found with a total 0 attC site(s)
INFO     : - 0 CALIN element(s) found with a total of 0 attC site(s)
INFO     : - 0 In0 element(s) found with a total of 0 attC site
INFO     : Starting functional annotation ...:
INFO     : Writing out results for replicon NODE_10_length_101039_cov_30.449124
INFO     : ############ Processing replicon NODE_11_length_99952_cov_29.596454 (11/64) ############

INFO     : Starting Default search ... :
INFO     : Default search done... : 
INFO     : In replicon NODE_11_length_99952_cov_29.596454, there are:
INFO     : - 0 complete integron(s) found with a total 0 attC site(s)
INFO     : - 0 CALIN element(s) found with a total of 0 attC site(s)
INFO     : - 0 In0 element(s) found with a total of 0 attC site
INFO     : Starting functional annotation ...:
INFO     : Writing out results for replicon NODE_11_length_99952_cov_29.596454
INFO     : ############ Processing replicon NODE_12_length_89063_cov_32.793514 (12/64) ############

INFO     : Starting Default search ... :
INFO     : Default search done... : 
INFO     : In replicon NODE_12_length_89063_cov_32.793514, there are:
INFO     : - 0 complete integron(s) found with a total 0 attC site(s)
INFO     : - 0 CALIN element(s) found with a total of 0 attC site(s)
INFO     : - 0 In0 element(s) found with a total of 0 attC site
INFO     : Starting functional annotation ...:
INFO     : Writing out results for replicon NODE_12_length_89063_cov_32.793514
INFO     : ############ Processing replicon NODE_13_length_87502_cov_28.608652 (13/64) ############

INFO     : Starting Default search ... :
INFO     : Default search done... : 
INFO     : In replicon NODE_13_length_87502_cov_28.608652, there are:
INFO     : - 0 complete integron(s) found with a total 0 attC site(s)
INFO     : - 0 CALIN element(s) found with a total of 0 attC site(s)
INFO     : - 0 In0 element(s) found with a total of 0 attC site
INFO     : Starting functional annotation ...:
INFO     : Writing out results for replicon NODE_13_length_87502_cov_28.608652
INFO     : ############ Processing replicon NODE_14_length_77287_cov_29.378797 (14/64) ############

INFO     : Starting Default search ... :
INFO     : Default search done... : 
INFO     : In replicon NODE_14_length_77287_cov_29.378797, there are:
INFO     : - 0 complete integron(s) found with a total 0 attC site(s)
INFO     : - 0 CALIN element(s) found with a total of 0 attC site(s)
INFO     : - 0 In0 element(s) found with a total of 0 attC site
INFO     : Starting functional annotation ...:
INFO     : Writing out results for replicon NODE_14_length_77287_cov_29.378797
INFO     : ############ Processing replicon NODE_15_length_76432_cov_27.400983 (15/64) ############

INFO     : Starting Default search ... :
INFO     : Default search done... : 
INFO     : In replicon NODE_15_length_76432_cov_27.400983, there are:
INFO     : - 0 complete integron(s) found with a total 0 attC site(s)
INFO     : - 0 CALIN element(s) found with a total of 0 attC site(s)
INFO     : - 0 In0 element(s) found with a total of 0 attC site
INFO     : Starting functional annotation ...:
INFO     : Writing out results for replicon NODE_15_length_76432_cov_27.400983
INFO     : ############ Processing replicon NODE_16_length_68152_cov_27.407247 (16/64) ############

INFO     : Starting Default search ... :
INFO     : Default search done... : 
INFO     : In replicon NODE_16_length_68152_cov_27.407247, there are:
INFO     : - 0 complete integron(s) found with a total 0 attC site(s)
INFO     : - 0 CALIN element(s) found with a total of 0 attC site(s)
INFO     : - 0 In0 element(s) found with a total of 0 attC site
INFO     : Starting functional annotation ...:
INFO     : Writing out results for replicon NODE_16_length_68152_cov_27.407247
INFO     : ############ Processing replicon NODE_17_length_65300_cov_25.208537 (17/64) ############

INFO     : Starting Default search ... :
INFO     : Default search done... : 
INFO     : In replicon NODE_17_length_65300_cov_25.208537, there are:
INFO     : - 0 complete integron(s) found with a total 0 attC site(s)
INFO     : - 0 CALIN element(s) found with a total of 0 attC site(s)
INFO     : - 0 In0 element(s) found with a total of 0 attC site
INFO     : Starting functional annotation ...:
INFO     : Writing out results for replicon NODE_17_length_65300_cov_25.208537
INFO     : ############ Processing replicon NODE_18_length_59600_cov_29.638475 (18/64) ############

INFO     : Starting Default search ... :
INFO     : Default search done... : 
INFO     : In replicon NODE_18_length_59600_cov_29.638475, there are:
INFO     : - 0 complete integron(s) found with a total 0 attC site(s)
INFO     : - 0 CALIN element(s) found with a total of 0 attC site(s)
INFO     : - 0 In0 element(s) found with a total of 0 attC site
INFO     : Starting functional annotation ...:
INFO     : Writing out results for replicon NODE_18_length_59600_cov_29.638475
INFO     : ############ Processing replicon NODE_19_length_57925_cov_28.614589 (19/64) ############

INFO     : Starting Default search ... :
INFO     : Default search done... : 
INFO     : In replicon NODE_19_length_57925_cov_28.614589, there are:
INFO     : - 0 complete integron(s) found with a total 0 attC site(s)
INFO     : - 0 CALIN element(s) found with a total of 0 attC site(s)
INFO     : - 0 In0 element(s) found with a total of 0 attC site
INFO     : Starting functional annotation ...:
INFO     : Writing out results for replicon NODE_19_length_57925_cov_28.614589
INFO     : ############ Processing replicon NODE_20_length_54923_cov_37.076283 (20/64) ############

INFO     : Starting Default search ... :
INFO     : Default search done... : 
INFO     : In replicon NODE_20_length_54923_cov_37.076283, there are:
INFO     : - 0 complete integron(s) found with a total 0 attC site(s)
INFO     : - 0 CALIN element(s) found with a total of 0 attC site(s)
INFO     : - 0 In0 element(s) found with a total of 0 attC site
INFO     : Starting functional annotation ...:
INFO     : Writing out results for replicon NODE_20_length_54923_cov_37.076283
INFO     : ############ Processing replicon NODE_21_length_48028_cov_31.095551 (21/64) ############

INFO     : Starting Default search ... :
INFO     : Default search done... : 
INFO     : In replicon NODE_21_length_48028_cov_31.095551, there are:
INFO     : - 0 complete integron(s) found with a total 0 attC site(s)
INFO     : - 0 CALIN element(s) found with a total of 0 attC site(s)
INFO     : - 0 In0 element(s) found with a total of 0 attC site
INFO     : Starting functional annotation ...:
INFO     : Writing out results for replicon NODE_21_length_48028_cov_31.095551
INFO     : ############ Processing replicon NODE_22_length_44746_cov_28.934154 (22/64) ############

INFO     : Starting Default search ... :
INFO     : Default search done... : 
INFO     : In replicon NODE_22_length_44746_cov_28.934154, there are:
INFO     : - 0 complete integron(s) found with a total 0 attC site(s)
INFO     : - 0 CALIN element(s) found with a total of 0 attC site(s)
INFO     : - 0 In0 element(s) found with a total of 0 attC site
INFO     : Starting functional annotation ...:
INFO     : Writing out results for replicon NODE_22_length_44746_cov_28.934154
INFO     : ############ Processing replicon NODE_23_length_39828_cov_29.389310 (23/64) ############

INFO     : Starting Default search ... :
INFO     : Default search done... : 
INFO     : In replicon NODE_23_length_39828_cov_29.389310, there are:
INFO     : - 0 complete integron(s) found with a total 0 attC site(s)
INFO     : - 0 CALIN element(s) found with a total of 0 attC site(s)
INFO     : - 0 In0 element(s) found with a total of 0 attC site
INFO     : Starting functional annotation ...:
INFO     : Writing out results for replicon NODE_23_length_39828_cov_29.389310
INFO     : ############ Processing replicon NODE_24_length_30137_cov_30.756148 (24/64) ############

INFO     : Starting Default search ... :
INFO     : Default search done... : 
INFO     : In replicon NODE_24_length_30137_cov_30.756148, there are:
INFO     : - 0 complete integron(s) found with a total 0 attC site(s)
INFO     : - 0 CALIN element(s) found with a total of 0 attC site(s)
INFO     : - 0 In0 element(s) found with a total of 0 attC site
INFO     : Starting functional annotation ...:
INFO     : Writing out results for replicon NODE_24_length_30137_cov_30.756148
INFO     : ############ Processing replicon NODE_25_length_26029_cov_30.207165 (25/64) ############

INFO     : Starting Default search ... :
INFO     : Default search done... : 
INFO     : In replicon NODE_25_length_26029_cov_30.207165, there are:
INFO     : - 0 complete integron(s) found with a total 0 attC site(s)
INFO     : - 0 CALIN element(s) found with a total of 0 attC site(s)
INFO     : - 0 In0 element(s) found with a total of 0 attC site
INFO     : Starting functional annotation ...:
INFO     : Writing out results for replicon NODE_25_length_26029_cov_30.207165
INFO     : ############ Processing replicon NODE_26_length_25048_cov_30.754705 (26/64) ############

INFO     : Starting Default search ... :
INFO     : Default search done... : 
INFO     : In replicon NODE_26_length_25048_cov_30.754705, there are:
INFO     : - 0 complete integron(s) found with a total 0 attC site(s)
INFO     : - 0 CALIN element(s) found with a total of 0 attC site(s)
INFO     : - 0 In0 element(s) found with a total of 0 attC site
INFO     : Starting functional annotation ...:
INFO     : Writing out results for replicon NODE_26_length_25048_cov_30.754705
INFO     : ############ Processing replicon NODE_27_length_24615_cov_32.312684 (27/64) ############

INFO     : Starting Default search ... :
INFO     : Default search done... : 
INFO     : In replicon NODE_27_length_24615_cov_32.312684, there are:
INFO     : - 0 complete integron(s) found with a total 0 attC site(s)
INFO     : - 0 CALIN element(s) found with a total of 0 attC site(s)
INFO     : - 0 In0 element(s) found with a total of 0 attC site
INFO     : Starting functional annotation ...:
INFO     : Writing out results for replicon NODE_27_length_24615_cov_32.312684
INFO     : ############ Processing replicon NODE_28_length_23641_cov_28.366760 (28/64) ############

INFO     : Starting Default search ... :
INFO     : Default search done... : 
INFO     : In replicon NODE_28_length_23641_cov_28.366760, there are:
INFO     : - 0 complete integron(s) found with a total 0 attC site(s)
INFO     : - 0 CALIN element(s) found with a total of 0 attC site(s)
INFO     : - 0 In0 element(s) found with a total of 0 attC site
INFO     : Starting functional annotation ...:
INFO     : Writing out results for replicon NODE_28_length_23641_cov_28.366760
INFO     : ############ Processing replicon NODE_29_length_21610_cov_29.520318 (29/64) ############

INFO     : Starting Default search ... :
INFO     : Default search done... : 
INFO     : In replicon NODE_29_length_21610_cov_29.520318, there are:
INFO     : - 0 complete integron(s) found with a total 0 attC site(s)
INFO     : - 0 CALIN element(s) found with a total of 0 attC site(s)
INFO     : - 0 In0 element(s) found with a total of 0 attC site
INFO     : Starting functional annotation ...:
INFO     : Writing out results for replicon NODE_29_length_21610_cov_29.520318
INFO     : ############ Processing replicon NODE_30_length_18992_cov_29.123403 (30/64) ############

INFO     : Starting Default search ... :
INFO     : Default search done... : 
INFO     : In replicon NODE_30_length_18992_cov_29.123403, there are:
INFO     : - 0 complete integron(s) found with a total 0 attC site(s)
INFO     : - 0 CALIN element(s) found with a total of 0 attC site(s)
INFO     : - 0 In0 element(s) found with a total of 0 attC site
INFO     : Starting functional annotation ...:
INFO     : Writing out results for replicon NODE_30_length_18992_cov_29.123403
INFO     : ############ Processing replicon NODE_31_length_18365_cov_29.380853 (31/64) ############

INFO     : Starting Default search ... :
INFO     : Default search done... : 
INFO     : In replicon NODE_31_length_18365_cov_29.380853, there are:
INFO     : - 0 complete integron(s) found with a total 0 attC site(s)
INFO     : - 0 CALIN element(s) found with a total of 0 attC site(s)
INFO     : - 0 In0 element(s) found with a total of 0 attC site
INFO     : Starting functional annotation ...:
INFO     : Writing out results for replicon NODE_31_length_18365_cov_29.380853
INFO     : ############ Processing replicon NODE_32_length_10165_cov_25.803248 (32/64) ############

INFO     : Starting Default search ... :
INFO     : Default search done... : 
INFO     : In replicon NODE_32_length_10165_cov_25.803248, there are:
INFO     : - 0 complete integron(s) found with a total 0 attC site(s)
INFO     : - 0 CALIN element(s) found with a total of 0 attC site(s)
INFO     : - 0 In0 element(s) found with a total of 0 attC site
INFO     : Starting functional annotation ...:
INFO     : Writing out results for replicon NODE_32_length_10165_cov_25.803248
INFO     : ############ Processing replicon NODE_33_length_6344_cov_37.065627 (33/64) ############

INFO     : Starting Default search ... :
INFO     : Default search done... : 
INFO     : In replicon NODE_33_length_6344_cov_37.065627, there are:
INFO     : - 0 complete integron(s) found with a total 0 attC site(s)
INFO     : - 0 CALIN element(s) found with a total of 0 attC site(s)
INFO     : - 0 In0 element(s) found with a total of 0 attC site
INFO     : Starting functional annotation ...:
INFO     : Writing out results for replicon NODE_33_length_6344_cov_37.065627
INFO     : ############ Processing replicon NODE_34_length_5604_cov_30.800438 (34/64) ############

INFO     : Starting Default search ... :
INFO     : Default search done... : 
INFO     : In replicon NODE_34_length_5604_cov_30.800438, there are:
INFO     : - 0 complete integron(s) found with a total 0 attC site(s)
INFO     : - 0 CALIN element(s) found with a total of 0 attC site(s)
INFO     : - 0 In0 element(s) found with a total of 0 attC site
INFO     : Starting functional annotation ...:
INFO     : Writing out results for replicon NODE_34_length_5604_cov_30.800438
INFO     : ############ Processing replicon NODE_35_length_5022_cov_135.488866 (35/64) ############

INFO     : Starting Default search ... :
INFO     : Default search done... : 
INFO     : In replicon NODE_35_length_5022_cov_135.488866, there are:
INFO     : - 0 complete integron(s) found with a total 0 attC site(s)
INFO     : - 0 CALIN element(s) found with a total of 0 attC site(s)
INFO     : - 0 In0 element(s) found with a total of 0 attC site
INFO     : Starting functional annotation ...:
INFO     : Writing out results for replicon NODE_35_length_5022_cov_135.488866
INFO     : ############ Processing replicon NODE_36_length_4196_cov_33.193168 (36/64) ############

INFO     : Starting Default search ... :
INFO     : Default search done... : 
INFO     : In replicon NODE_36_length_4196_cov_33.193168, there are:
INFO     : - 0 complete integron(s) found with a total 0 attC site(s)
INFO     : - 0 CALIN element(s) found with a total of 0 attC site(s)
INFO     : - 0 In0 element(s) found with a total of 0 attC site
INFO     : Starting functional annotation ...:
INFO     : Writing out results for replicon NODE_36_length_4196_cov_33.193168
INFO     : ############ Processing replicon NODE_37_length_3399_cov_30.311430 (37/64) ############

INFO     : Starting Default search ... :
INFO     : Default search done... : 
INFO     : In replicon NODE_37_length_3399_cov_30.311430, there are:
INFO     : - 0 complete integron(s) found with a total 0 attC site(s)
INFO     : - 0 CALIN element(s) found with a total of 0 attC site(s)
INFO     : - 0 In0 element(s) found with a total of 0 attC site
INFO     : Starting functional annotation ...:
INFO     : Writing out results for replicon NODE_37_length_3399_cov_30.311430
INFO     : ############ Processing replicon NODE_38_length_2653_cov_23.768013 (38/64) ############

INFO     : Starting Default search ... :
INFO     : Default search done... : 
INFO     : In replicon NODE_38_length_2653_cov_23.768013, there are:
INFO     : - 0 complete integron(s) found with a total 0 attC site(s)
INFO     : - 0 CALIN element(s) found with a total of 0 attC site(s)
INFO     : - 0 In0 element(s) found with a total of 0 attC site
INFO     : Starting functional annotation ...:
INFO     : Writing out results for replicon NODE_38_length_2653_cov_23.768013
INFO     : ############ Processing replicon NODE_39_length_1716_cov_73.809314 (39/64) ############

INFO     : Starting Default search ... :
INFO     : Default search done... : 
INFO     : In replicon NODE_39_length_1716_cov_73.809314, there are:
INFO     : - 0 complete integron(s) found with a total 0 attC site(s)
INFO     : - 0 CALIN element(s) found with a total of 0 attC site(s)
INFO     : - 0 In0 element(s) found with a total of 0 attC site
INFO     : Starting functional annotation ...:
INFO     : Writing out results for replicon NODE_39_length_1716_cov_73.809314
INFO     : ############ Processing replicon NODE_40_length_1688_cov_56.467649 (40/64) ############

INFO     : Starting Default search ... :
INFO     : Default search done... : 
INFO     : In replicon NODE_40_length_1688_cov_56.467649, there are:
INFO     : - 0 complete integron(s) found with a total 0 attC site(s)
INFO     : - 0 CALIN element(s) found with a total of 0 attC site(s)
INFO     : - 0 In0 element(s) found with a total of 0 attC site
INFO     : Starting functional annotation ...:
INFO     : Writing out results for replicon NODE_40_length_1688_cov_56.467649
INFO     : ############ Processing replicon NODE_41_length_1551_cov_58.509831 (41/64) ############

INFO     : Starting Default search ... :
INFO     : Default search done... : 
INFO     : In replicon NODE_41_length_1551_cov_58.509831, there are:
INFO     : - 0 complete integron(s) found with a total 0 attC site(s)
INFO     : - 0 CALIN element(s) found with a total of 0 attC site(s)
INFO     : - 0 In0 element(s) found with a total of 0 attC site
INFO     : Starting functional annotation ...:
INFO     : Writing out results for replicon NODE_41_length_1551_cov_58.509831
INFO     : ############ Processing replicon NODE_42_length_1449_cov_111.505295 (42/64) ############

INFO     : Starting Default search ... :
INFO     : Default search done... : 
INFO     : In replicon NODE_42_length_1449_cov_111.505295, there are:
INFO     : - 0 complete integron(s) found with a total 0 attC site(s)
INFO     : - 0 CALIN element(s) found with a total of 0 attC site(s)
INFO     : - 0 In0 element(s) found with a total of 0 attC site
INFO     : Starting functional annotation ...:
INFO     : Writing out results for replicon NODE_42_length_1449_cov_111.505295
INFO     : ############ Processing replicon NODE_43_length_1437_cov_101.402290 (43/64) ############

INFO     : Starting Default search ... :
INFO     : Default search done... : 
INFO     : In replicon NODE_43_length_1437_cov_101.402290, there are:
INFO     : - 0 complete integron(s) found with a total 0 attC site(s)
INFO     : - 0 CALIN element(s) found with a total of 0 attC site(s)
INFO     : - 0 In0 element(s) found with a total of 0 attC site
INFO     : Starting functional annotation ...:
INFO     : Writing out results for replicon NODE_43_length_1437_cov_101.402290
INFO     : ############ Processing replicon NODE_44_length_1349_cov_98.214403 (44/64) ############

INFO     : Starting Default search ... :
INFO     : Default search done... : 
INFO     : In replicon NODE_44_length_1349_cov_98.214403, there are:
INFO     : - 0 complete integron(s) found with a total 0 attC site(s)
INFO     : - 0 CALIN element(s) found with a total of 0 attC site(s)
INFO     : - 0 In0 element(s) found with a total of 0 attC site
INFO     : Starting functional annotation ...:
INFO     : Writing out results for replicon NODE_44_length_1349_cov_98.214403
INFO     : ############ Processing replicon NODE_45_length_1093_cov_33.592133 (45/64) ############

INFO     : Starting Default search ... :
INFO     : Default search done... : 
INFO     : In replicon NODE_45_length_1093_cov_33.592133, there are:
INFO     : - 0 complete integron(s) found with a total 0 attC site(s)
INFO     : - 0 CALIN element(s) found with a total of 0 attC site(s)
INFO     : - 0 In0 element(s) found with a total of 0 attC site
INFO     : Starting functional annotation ...:
INFO     : Writing out results for replicon NODE_45_length_1093_cov_33.592133
INFO     : ############ Processing replicon NODE_46_length_998_cov_53.621125 (46/64) ############

INFO     : Starting Default search ... :
INFO     : Default search done... : 
INFO     : In replicon NODE_46_length_998_cov_53.621125, there are:
INFO     : - 0 complete integron(s) found with a total 0 attC site(s)
INFO     : - 0 CALIN element(s) found with a total of 0 attC site(s)
INFO     : - 0 In0 element(s) found with a total of 0 attC site
INFO     : Starting functional annotation ...:
INFO     : Writing out results for replicon NODE_46_length_998_cov_53.621125
INFO     : ############ Processing replicon NODE_47_length_774_cov_258.103555 (47/64) ############

INFO     : Starting Default search ... :
INFO     : Default search done... : 
INFO     : In replicon NODE_47_length_774_cov_258.103555, there are:
INFO     : - 0 complete integron(s) found with a total 0 attC site(s)
INFO     : - 0 CALIN element(s) found with a total of 0 attC site(s)
INFO     : - 0 In0 element(s) found with a total of 0 attC site
INFO     : Starting functional annotation ...:
INFO     : Writing out results for replicon NODE_47_length_774_cov_258.103555
INFO     : ############ Processing replicon NODE_48_length_642_cov_263.710680 (48/64) ############

INFO     : Starting Default search ... :
INFO     : Default search done... : 
INFO     : In replicon NODE_48_length_642_cov_263.710680, there are:
INFO     : - 0 complete integron(s) found with a total 0 attC site(s)
INFO     : - 0 CALIN element(s) found with a total of 0 attC site(s)
INFO     : - 0 In0 element(s) found with a total of 0 attC site
INFO     : Starting functional annotation ...:
INFO     : Writing out results for replicon NODE_48_length_642_cov_263.710680
INFO     : ############ Processing replicon NODE_49_length_434_cov_58.563518 (49/64) ############

INFO     : Starting Default search ... :
INFO     : Default search done... : 
INFO     : In replicon NODE_49_length_434_cov_58.563518, there are:
INFO     : - 0 complete integron(s) found with a total 0 attC site(s)
INFO     : - 0 CALIN element(s) found with a total of 0 attC site(s)
INFO     : - 0 In0 element(s) found with a total of 0 attC site
INFO     : Starting functional annotation ...:
INFO     : Writing out results for replicon NODE_49_length_434_cov_58.563518
INFO     : ############ Processing replicon NODE_50_length_419_cov_31.301370 (50/64) ############

INFO     : Starting Default search ... :
INFO     : Default search done... : 
INFO     : In replicon NODE_50_length_419_cov_31.301370, there are:
INFO     : - 0 complete integron(s) found with a total 0 attC site(s)
INFO     : - 0 CALIN element(s) found with a total of 0 attC site(s)
INFO     : - 0 In0 element(s) found with a total of 0 attC site
INFO     : Starting functional annotation ...:
INFO     : Writing out results for replicon NODE_50_length_419_cov_31.301370
INFO     : ############ Processing replicon NODE_51_length_359_cov_62.560345 (51/64) ############

INFO     : Starting Default search ... :
INFO     : Default search done... : 
INFO     : In replicon NODE_51_length_359_cov_62.560345, there are:
INFO     : - 0 complete integron(s) found with a total 0 attC site(s)
INFO     : - 0 CALIN element(s) found with a total of 0 attC site(s)
INFO     : - 0 In0 element(s) found with a total of 0 attC site
INFO     : Starting functional annotation ...:
INFO     : Writing out results for replicon NODE_51_length_359_cov_62.560345
INFO     : ############ Processing replicon NODE_52_length_303_cov_38.176136 (52/64) ############

INFO     : Starting Default search ... :
INFO     : Default search done... : 
INFO     : In replicon NODE_52_length_303_cov_38.176136, there are:
INFO     : - 0 complete integron(s) found with a total 0 attC site(s)
INFO     : - 0 CALIN element(s) found with a total of 0 attC site(s)
INFO     : - 0 In0 element(s) found with a total of 0 attC site
INFO     : Starting functional annotation ...:
INFO     : Writing out results for replicon NODE_52_length_303_cov_38.176136
INFO     : ############ Processing replicon NODE_53_length_296_cov_33.124260 (53/64) ############

INFO     : Starting Default search ... :
INFO     : Default search done... : 
INFO     : In replicon NODE_53_length_296_cov_33.124260, there are:
INFO     : - 0 complete integron(s) found with a total 0 attC site(s)
INFO     : - 0 CALIN element(s) found with a total of 0 attC site(s)
INFO     : - 0 In0 element(s) found with a total of 0 attC site
INFO     : Starting functional annotation ...:
INFO     : Writing out results for replicon NODE_53_length_296_cov_33.124260
INFO     : ############ Processing replicon NODE_54_length_289_cov_58.722222 (54/64) ############

INFO     : Starting Default search ... :
INFO     : Default search done... : 
INFO     : In replicon NODE_54_length_289_cov_58.722222, there are:
INFO     : - 0 complete integron(s) found with a total 0 attC site(s)
INFO     : - 0 CALIN element(s) found with a total of 0 attC site(s)
INFO     : - 0 In0 element(s) found with a total of 0 attC site
INFO     : Starting functional annotation ...:
INFO     : Writing out results for replicon NODE_54_length_289_cov_58.722222
INFO     : ############ Processing replicon NODE_55_length_282_cov_41.722581 (55/64) ############

INFO     : Starting Default search ... :
INFO     : Default search done... : 
INFO     : In replicon NODE_55_length_282_cov_41.722581, there are:
INFO     : - 0 complete integron(s) found with a total 0 attC site(s)
INFO     : - 0 CALIN element(s) found with a total of 0 attC site(s)
INFO     : - 0 In0 element(s) found with a total of 0 attC site
INFO     : Starting functional annotation ...:
INFO     : Writing out results for replicon NODE_55_length_282_cov_41.722581
INFO     : ############ Processing replicon NODE_56_length_282_cov_37.051613 (56/64) ############

INFO     : Starting Default search ... :
INFO     : Default search done... : 
INFO     : In replicon NODE_56_length_282_cov_37.051613, there are:
INFO     : - 0 complete integron(s) found with a total 0 attC site(s)
INFO     : - 0 CALIN element(s) found with a total of 0 attC site(s)
INFO     : - 0 In0 element(s) found with a total of 0 attC site
INFO     : Starting functional annotation ...:
INFO     : Writing out results for replicon NODE_56_length_282_cov_37.051613
INFO     : ############ Processing replicon NODE_57_length_264_cov_26.686131 (57/64) ############

INFO     : Starting Default search ... :
INFO     : Default search done... : 
INFO     : In replicon NODE_57_length_264_cov_26.686131, there are:
INFO     : - 0 complete integron(s) found with a total 0 attC site(s)
INFO     : - 0 CALIN element(s) found with a total of 0 attC site(s)
INFO     : - 0 In0 element(s) found with a total of 0 attC site
INFO     : Starting functional annotation ...:
INFO     : Writing out results for replicon NODE_57_length_264_cov_26.686131
INFO     : ############ Processing replicon NODE_58_length_257_cov_33.738462 (58/64) ############

INFO     : Starting Default search ... :
INFO     : Default search done... : 
INFO     : In replicon NODE_58_length_257_cov_33.738462, there are:
INFO     : - 0 complete integron(s) found with a total 0 attC site(s)
INFO     : - 0 CALIN element(s) found with a total of 0 attC site(s)
INFO     : - 0 In0 element(s) found with a total of 0 attC site
INFO     : Starting functional annotation ...:
INFO     : Writing out results for replicon NODE_58_length_257_cov_33.738462
INFO     : ############ Processing replicon NODE_59_length_255_cov_132.601562 (59/64) ############

INFO     : Starting Default search ... :
INFO     : Default search done... : 
INFO     : In replicon NODE_59_length_255_cov_132.601562, there are:
INFO     : - 0 complete integron(s) found with a total 0 attC site(s)
INFO     : - 0 CALIN element(s) found with a total of 0 attC site(s)
INFO     : - 0 In0 element(s) found with a total of 0 attC site
INFO     : Starting functional annotation ...:
INFO     : Writing out results for replicon NODE_59_length_255_cov_132.601562
INFO     : ############ Processing replicon NODE_60_length_255_cov_132.367188 (60/64) ############

INFO     : Starting Default search ... :
INFO     : Default search done... : 
INFO     : In replicon NODE_60_length_255_cov_132.367188, there are:
INFO     : - 0 complete integron(s) found with a total 0 attC site(s)
INFO     : - 0 CALIN element(s) found with a total of 0 attC site(s)
INFO     : - 0 In0 element(s) found with a total of 0 attC site
INFO     : Starting functional annotation ...:
INFO     : Writing out results for replicon NODE_60_length_255_cov_132.367188
INFO     : ############ Processing replicon NODE_61_length_255_cov_8.078125 (61/64) ############

INFO     : Starting Default search ... :
INFO     : Default search done... : 
INFO     : In replicon NODE_61_length_255_cov_8.078125, there are:
INFO     : - 0 complete integron(s) found with a total 0 attC site(s)
INFO     : - 0 CALIN element(s) found with a total of 0 attC site(s)
INFO     : - 0 In0 element(s) found with a total of 0 attC site
INFO     : Starting functional annotation ...:
INFO     : Writing out results for replicon NODE_61_length_255_cov_8.078125
INFO     : ############ Processing replicon NODE_62_length_252_cov_27.744000 (62/64) ############

INFO     : Starting Default search ... :
INFO     : Default search done... : 
INFO     : In replicon NODE_62_length_252_cov_27.744000, there are:
INFO     : - 0 complete integron(s) found with a total 0 attC site(s)
INFO     : - 0 CALIN element(s) found with a total of 0 attC site(s)
INFO     : - 0 In0 element(s) found with a total of 0 attC site
INFO     : Starting functional annotation ...:
INFO     : Writing out results for replicon NODE_62_length_252_cov_27.744000
INFO     : ############ Processing replicon NODE_63_length_248_cov_17.099174 (63/64) ############

INFO     : Starting Default search ... :
INFO     : Default search done... : 
INFO     : In replicon NODE_63_length_248_cov_17.099174, there are:
INFO     : - 0 complete integron(s) found with a total 0 attC site(s)
INFO     : - 0 CALIN element(s) found with a total of 0 attC site(s)
INFO     : - 0 In0 element(s) found with a total of 0 attC site
INFO     : Starting functional annotation ...:
INFO     : Writing out results for replicon NODE_63_length_248_cov_17.099174
INFO     : ############ Processing replicon NODE_64_length_231_cov_51.019231 (64/64) ############

INFO     : Starting Default search ... :
INFO     : Default search done... : 
INFO     : In replicon NODE_64_length_231_cov_51.019231, there are:
INFO     : - 0 complete integron(s) found with a total 0 attC site(s)
INFO     : - 0 CALIN element(s) found with a total of 0 attC site(s)
INFO     : - 0 In0 element(s) found with a total of 0 attC site
INFO     : Starting functional annotation ...:
INFO     : Writing out results for replicon NODE_64_length_231_cov_51.019231
INFO     : Merging integrons results.

