2026-08-05 12:00:36.701 wdl.w:wf_amr_gene_matrix NOTICE workflow start :: name: "wf_amr_gene_matrix", source: "workflows/data_visualization/wf_amr_gene_matrix.wdl", line: 15, column: 1, dir: "/home/user1/Desktop/programs/wdl/IsraBact/20260805_120036_wf_amr_gene_matrix"
2026-08-05 12:00:36.704 wdl.w:wf_amr_gene_matrix NOTICE miniwdl :: version: "v1.11.1", uname: "Linux ubuntu 5.15.0-125-generic #135-Ubuntu SMP Fri Sep 27 13:53:58 UTC 2024 x86_64"
2026-08-05 12:00:36.711 wdl.w:wf_amr_gene_matrix NOTICE ready :: job: "call-abricate_matrix", callee: "build_gene_matrix"
2026-08-05 12:00:36.713 wdl.w:wf_amr_gene_matrix NOTICE ready :: job: "call-amrfinder_matrix", callee: "build_gene_matrix"
2026-08-05 12:00:36.714 wdl.w:wf_amr_gene_matrix.t:call-abricate_matrix NOTICE task setup :: name: "build_gene_matrix", source: "../../tasks/data_visualization/task_build_gene_matrix.wdl", line: 16, column: 1, dir: "/home/user1/Desktop/programs/wdl/IsraBact/20260805_120036_wf_amr_gene_matrix/call-abricate_matrix", thread: 140375513351744
2026-08-05 12:00:36.716 wdl.w:wf_amr_gene_matrix.t:call-amrfinder_matrix NOTICE task setup :: name: "build_gene_matrix", source: "../../tasks/data_visualization/task_build_gene_matrix.wdl", line: 16, column: 1, dir: "/home/user1/Desktop/programs/wdl/IsraBact/20260805_120036_wf_amr_gene_matrix/call-amrfinder_matrix", thread: 140375436031552
2026-08-05 12:00:36.957 wdl.w:wf_amr_gene_matrix.t:call-amrfinder_matrix NOTICE docker swarm resources :: workers: 1, max_cpus: 40, max_mem_bytes: 67159334912, total_cpus: 40, total_mem_bytes: 67159334912
2026-08-05 12:00:36.962 wdl.w:wf_amr_gene_matrix.t:call-amrfinder_matrix WARNING ignored runtime settings :: keys: ["disks"]
2026-08-05 12:00:36.964 wdl.w:wf_amr_gene_matrix.t:call-abricate_matrix WARNING ignored runtime settings :: keys: ["disks"]
2026-08-05 12:00:36.984 wdl.w:wf_amr_gene_matrix.t:call-abricate_matrix NOTICE docker image :: tag: "python:3.11-slim", id: "sha256:245f9d32fabaec22e749aa5cfef79996088135e9d4410f4e7ebe133c2be98132", RepoDigest: "python@sha256:a25f6aeb42924b56064742e12e8b563c7eb07f1ef18e49a806784680f32d8cfe"
2026-08-05 12:00:36.985 wdl.w:wf_amr_gene_matrix.t:call-amrfinder_matrix NOTICE docker image :: tag: "python:3.11-slim", id: "sha256:245f9d32fabaec22e749aa5cfef79996088135e9d4410f4e7ebe133c2be98132", RepoDigest: "python@sha256:a25f6aeb42924b56064742e12e8b563c7eb07f1ef18e49a806784680f32d8cfe"
2026-08-05 12:00:38.123 wdl.w:wf_amr_gene_matrix.t:call-amrfinder_matrix NOTICE docker task running :: service: "suj7bbqkq3ip", task: "jxrb48r2z7", node: "no3gik2thg", message: "started"
2026-08-05 12:00:39.001 wdl.w:wf_amr_gene_matrix.t:call-abricate_matrix NOTICE docker task running :: service: "rh911nqxdewn", task: "03mb5ynidy", node: "no3gik2thg", message: "started"
2026-08-05 12:00:56.211 wdl.w:wf_amr_gene_matrix.t:call-abricate_matrix NOTICE docker task exit :: state: "complete", exit_code: 0
2026-08-05 12:00:56.394 wdl.w:wf_amr_gene_matrix.t:call-amrfinder_matrix NOTICE docker task exit :: state: "complete", exit_code: 0
2026-08-05 12:00:56.902 wdl.w:wf_amr_gene_matrix.t:call-abricate_matrix NOTICE done
2026-08-05 12:00:56.903 wdl.w:wf_amr_gene_matrix NOTICE finish :: job: "call-abricate_matrix"
2026-08-05 12:00:57.279 wdl.w:wf_amr_gene_matrix.t:call-amrfinder_matrix NOTICE done
2026-08-05 12:00:57.280 wdl.w:wf_amr_gene_matrix NOTICE finish :: job: "call-amrfinder_matrix"
2026-08-05 12:00:57.296 wdl.w:wf_amr_gene_matrix NOTICE done
